**********************
Windows PowerShell transcript start
Start time: 20181117121458
Username: NTMS_PC8\Administrator
RunAs User: NTMS_PC8\Administrator
Machine: NTMS_PC8 (Microsoft Windows NT 6.3.9600.0)
Host Application: C:\Windows\System32\WindowsPowerShell\v1.0\powershell.exe
Process ID: 2028
**********************
Transcript started, output file is raju-17nov-18.txt

PS E:\raju> Get-help export-csv Show-Window
>> TerminatingError(Get-Help): "A positional parameter cannot be found that accepts argument 'Show-Window'."
Get-Help : A positional parameter cannot be found that accepts argument 'Show-Window'.
At line:1 char:1
+ Get-help export-csv Show-Window
+ ~~~~~~~~~~~~~~~~~~~~~~~~~~~~~~~
    + CategoryInfo          : InvalidArgument: (:) [Get-Help], ParameterBindingException
    + FullyQualifiedErrorId : PositionalParameterNotFound,Microsoft.PowerShell.Commands.GetHelpCommand


PS E:\raju> Get-Help Export-Csv Show window
>> TerminatingError(Get-Help): "A positional parameter cannot be found that accepts argument 'Show'."
Get-Help : A positional parameter cannot be found that accepts argument 'Show'.
At line:1 char:1
+ Get-Help Export-Csv Show window
+ ~~~~~~~~~~~~~~~~~~~~~~~~~~~~~~~
    + CategoryInfo          : InvalidArgument: (:) [Get-Help], ParameterBindingException
    + FullyQualifiedErrorId : PositionalParameterNotFound,Microsoft.PowerShell.Commands.GetHelpCommand


PS E:\raju> Get-Help Export-Csv -Show window
>> TerminatingError(Get-Help): "A positional parameter cannot be found that accepts argument 'window'."
Get-Help : A positional parameter cannot be found that accepts argument 'window'.
At line:1 char:1
+ Get-Help Export-Csv -Show window
+ ~~~~~~~~~~~~~~~~~~~~~~~~~~~~~~~~
    + CategoryInfo          : InvalidArgument: (:) [Get-Help], ParameterBindingException
    + FullyQualifiedErrorId : PositionalParameterNotFound,Microsoft.PowerShell.Commands.GetHelpCommand


PS E:\raju> Get-Help Export-Csv -ShowWindow

PS E:\raju> Get-Service | Export-Csv -Path sevice.csv -Delimiter "|" 

PS E:\raju> .\sevice.csv

PS E:\raju> Get-Service | Export-Csv -Path sevice.csv -Delimiter "|"  -NoTypeInformation

PS E:\raju> Get-help Get-HotFix -ShowWindow

PS E:\raju> Get-Content .\comp.txt | Get-Process
Get-Process : The input object cannot be bound to any parameters for the command either because the command does not
take pipeline input or the input and its properties do not match any of the parameters that take pipeline input.
At line:1 char:26
+ Get-Content .\comp.txt | Get-Process
+                          ~~~~~~~~~~~
    + CategoryInfo          : InvalidArgument: (dc:PSObject) [Get-Process], ParameterBindingException
    + FullyQualifiedErrorId : InputObjectNotBound,Microsoft.PowerShell.Commands.GetProcessCommand

Get-Process : The input object cannot be bound to any parameters for the command either because the command does not
take pipeline input or the input and its properties do not match any of the parameters that take pipeline input.
At line:1 char:26
+ Get-Content .\comp.txt | Get-Process
+                          ~~~~~~~~~~~
    + CategoryInfo          : InvalidArgument: (abc:PSObject) [Get-Process], ParameterBindingException
    + FullyQualifiedErrorId : InputObjectNotBound,Microsoft.PowerShell.Commands.GetProcessCommand


PS E:\raju> Get-Content .\comp.txt
dc
abc

PS E:\raju> Get-Content .\comp.txt Get-Process
>> TerminatingError(Get-Content): "A positional parameter cannot be found that accepts argument 'Get-Process'."
Get-Content : A positional parameter cannot be found that accepts argument 'Get-Process'.
At line:1 char:1
+ Get-Content .\comp.txt Get-Process
+ ~~~~~~~~~~~~~~~~~~~~~~~~~~~~~~~~~~
    + CategoryInfo          : InvalidArgument: (:) [Get-Content], ParameterBindingException
    + FullyQualifiedErrorId : PositionalParameterNotFound,Microsoft.PowerShell.Commands.GetContentCommand


PS E:\raju> ise

PS E:\raju> Get-Help Get-Process 

NAME
    Get-Process

SYNOPSIS
    Gets the processes that are running on the local computer or a remote computer.


SYNTAX
    Get-Process [[-Name] <String[]>] [-ComputerName <String[]>] [-FileVersionInfo] [-Module] [<CommonParameters>]

    Get-Process [-ComputerName <String[]>] [-FileVersionInfo] [-Module] -InputObject <Process[]> [<CommonParameters>]

    Get-Process [-ComputerName <String[]>] [-FileVersionInfo] [-Module] -Id <Int32[]> [<CommonParameters>]

    Get-Process -Id <Int32[]> -IncludeUserName [<CommonParameters>]

    Get-Process -IncludeUserName -InputObject <Process[]> [<CommonParameters>]

    Get-Process [[-Name] <String[]>] -IncludeUserName [<CommonParameters>]


DESCRIPTION
    The Get-Process cmdlet gets the processes on a local or remote computer.

    Without parameters, Get-Process gets all of the processes on the local computer. You can also specify a particular
    process by process name or process ID (PID) or pass a process object through the pipeline to Get-Process.

    By default, Get-Process returns a process object that has detailed information about the process and supports
    methods that let you start and stop the process. You can also use the parameters of Get-Process to get file
    version information for the program that runs in the process and to get the modules that the process loaded.


RELATED LINKS
    Online Version: http://go.microsoft.com/fwlink/p/?linkid=290498
    Debug-Process
    Get-Process
    Start-Process
    Stop-Process
    Wait-Process

REMARKS
    To see the examples, type: "get-help Get-Process -examples".
    For more information, type: "get-help Get-Process -detailed".
    For technical information, type: "get-help Get-Process -full".
    For online help, type: "get-help Get-Process -online"




PS E:\raju> Get-process -ComputerName
>> TerminatingError(Get-Process): "Missing an argument for parameter 'ComputerName'. Specify a parameter of type 'System.String[]' and try again."
Get-Process : Missing an argument for parameter 'ComputerName'. Specify a parameter of type 'System.String[]' and try
again.
At line:1 char:13
+ Get-process -ComputerName
+             ~~~~~~~~~~~~~
    + CategoryInfo          : InvalidArgument: (:) [Get-Process], ParameterBindingException
    + FullyQualifiedErrorId : MissingArgument,Microsoft.PowerShell.Commands.GetProcessCommand


PS E:\raju> Get-process -ComputerName dc
>> TerminatingError(Get-Process): "Couldn't connect to remote machine."
Get-process : Couldn't connect to remote machine.
At line:1 char:1
+ Get-process -ComputerName dc
+ ~~~~~~~~~~~~~~~~~~~~~~~~~~~~
    + CategoryInfo          : NotSpecified: (:) [Get-Process], InvalidOperationException
    + FullyQualifiedErrorId : System.InvalidOperationException,Microsoft.PowerShell.Commands.GetProcessCommand


PS E:\raju> Get-help Get-Process -ShowWindow

PS E:\raju> Get-Control .\comp.txt |Get-Process
Get-Control : The term 'Get-Control' is not recognized as the name of a cmdlet, function, script file, or operable
program. Check the spelling of the name, or if a path was included, verify that the path is correct and try again.
At line:1 char:1
+ Get-Control .\comp.txt |Get-Process
+ ~~~~~~~~~~~
    + CategoryInfo          : ObjectNotFound: (Get-Control:String) [], CommandNotFoundException
    + FullyQualifiedErrorId : CommandNotFoundException


PS E:\raju> Get-Control .\comp.txt | Get-Process
Get-Control : The term 'Get-Control' is not recognized as the name of a cmdlet, function, script file, or operable
program. Check the spelling of the name, or if a path was included, verify that the path is correct and try again.
At line:1 char:1
+ Get-Control .\comp.txt | Get-Process
+ ~~~~~~~~~~~
    + CategoryInfo          : ObjectNotFound: (Get-Control:String) [], CommandNotFoundException
    + FullyQualifiedErrorId : CommandNotFoundException


PS E:\raju> Get-Content .\comp.txt | Get-Process
Get-Process : The input object cannot be bound to any parameters for the command either because the command does not
take pipeline input or the input and its properties do not match any of the parameters that take pipeline input.
At line:1 char:26
+ Get-Content .\comp.txt | Get-Process
+                          ~~~~~~~~~~~
    + CategoryInfo          : InvalidArgument: (computername:PSObject) [Get-Process], ParameterBindingException
    + FullyQualifiedErrorId : InputObjectNotBound,Microsoft.PowerShell.Commands.GetProcessCommand

Get-Process : The input object cannot be bound to any parameters for the command either because the command does not
take pipeline input or the input and its properties do not match any of the parameters that take pipeline input.
At line:1 char:26
+ Get-Content .\comp.txt | Get-Process
+                          ~~~~~~~~~~~
    + CategoryInfo          : InvalidArgument: (dc:PSObject) [Get-Process], ParameterBindingException
    + FullyQualifiedErrorId : InputObjectNotBound,Microsoft.PowerShell.Commands.GetProcessCommand

Get-Process : The input object cannot be bound to any parameters for the command either because the command does not
take pipeline input or the input and its properties do not match any of the parameters that take pipeline input.
At line:1 char:26
+ Get-Content .\comp.txt | Get-Process
+                          ~~~~~~~~~~~
    + CategoryInfo          : InvalidArgument: (abc:PSObject) [Get-Process], ParameterBindingException
    + FullyQualifiedErrorId : InputObjectNotBound,Microsoft.PowerShell.Commands.GetProcessCommand


PS E:\raju> $Comp=Get-Content .\comp.txt

PS E:\raju> Get-Process -ComputerName $Comp
>> TerminatingError(Get-Process): "Couldn't connect to remote machine."
Get-Process : Couldn't connect to remote machine.
At line:1 char:1
+ Get-Process -ComputerName $Comp
+ ~~~~~~~~~~~~~~~~~~~~~~~~~~~~~~~
    + CategoryInfo          : NotSpecified: (:) [Get-Process], InvalidOperationException
    + FullyQualifiedErrorId : System.InvalidOperationException,Microsoft.PowerShell.Commands.GetProcessCommand


PS E:\raju> Get-Content .\comp.txt | Get-Member


   TypeName: System.String

Name             MemberType            Definition
----             ----------            ----------
Clone            Method                System.Object Clone(), System.Object ICloneable.Clone()
CompareTo        Method                int CompareTo(System.Object value), int CompareTo(string strB), int IComparab...
Contains         Method                bool Contains(string value)
CopyTo           Method                void CopyTo(int sourceIndex, char[] destination, int destinationIndex, int co...
EndsWith         Method                bool EndsWith(string value), bool EndsWith(string value, System.StringCompari...
Equals           Method                bool Equals(System.Object obj), bool Equals(string value), bool Equals(string...
GetEnumerator    Method                System.CharEnumerator GetEnumerator(), System.Collections.IEnumerator IEnumer...
GetHashCode      Method                int GetHashCode()
GetType          Method                type GetType()
GetTypeCode      Method                System.TypeCode GetTypeCode(), System.TypeCode IConvertible.GetTypeCode()
IndexOf          Method                int IndexOf(char value), int IndexOf(char value, int startIndex), int IndexOf...
IndexOfAny       Method                int IndexOfAny(char[] anyOf), int IndexOfAny(char[] anyOf, int startIndex), i...
Insert           Method                string Insert(int startIndex, string value)
IsNormalized     Method                bool IsNormalized(), bool IsNormalized(System.Text.NormalizationForm normaliz...
LastIndexOf      Method                int LastIndexOf(char value), int LastIndexOf(char value, int startIndex), int...
LastIndexOfAny   Method                int LastIndexOfAny(char[] anyOf), int LastIndexOfAny(char[] anyOf, int startI...
Normalize        Method                string Normalize(), string Normalize(System.Text.NormalizationForm normalizat...
PadLeft          Method                string PadLeft(int totalWidth), string PadLeft(int totalWidth, char paddingChar)
PadRight         Method                string PadRight(int totalWidth), string PadRight(int totalWidth, char padding...
Remove           Method                string Remove(int startIndex, int count), string Remove(int startIndex)
Replace          Method                string Replace(char oldChar, char newChar), string Replace(string oldValue, s...
Split            Method                string[] Split(Params char[] separator), string[] Split(char[] separator, int...
StartsWith       Method                bool StartsWith(string value), bool StartsWith(string value, System.StringCom...
Substring        Method                string Substring(int startIndex), string Substring(int startIndex, int length)
ToBoolean        Method                bool IConvertible.ToBoolean(System.IFormatProvider provider)
ToByte           Method                byte IConvertible.ToByte(System.IFormatProvider provider)
ToChar           Method                char IConvertible.ToChar(System.IFormatProvider provider)
ToCharArray      Method                char[] ToCharArray(), char[] ToCharArray(int startIndex, int length)
ToDateTime       Method                datetime IConvertible.ToDateTime(System.IFormatProvider provider)
ToDecimal        Method                decimal IConvertible.ToDecimal(System.IFormatProvider provider)
ToDouble         Method                double IConvertible.ToDouble(System.IFormatProvider provider)
ToInt16          Method                int16 IConvertible.ToInt16(System.IFormatProvider provider)
ToInt32          Method                int IConvertible.ToInt32(System.IFormatProvider provider)
ToInt64          Method                long IConvertible.ToInt64(System.IFormatProvider provider)
ToLower          Method                string ToLower(), string ToLower(cultureinfo culture)
ToLowerInvariant Method                string ToLowerInvariant()
ToSByte          Method                sbyte IConvertible.ToSByte(System.IFormatProvider provider)
ToSingle         Method                float IConvertible.ToSingle(System.IFormatProvider provider)
ToString         Method                string ToString(), string ToString(System.IFormatProvider provider), string I...
ToType           Method                System.Object IConvertible.ToType(type conversionType, System.IFormatProvider...
ToUInt16         Method                uint16 IConvertible.ToUInt16(System.IFormatProvider provider)
ToUInt32         Method                uint32 IConvertible.ToUInt32(System.IFormatProvider provider)
ToUInt64         Method                uint64 IConvertible.ToUInt64(System.IFormatProvider provider)
ToUpper          Method                string ToUpper(), string ToUpper(cultureinfo culture)
ToUpperInvariant Method                string ToUpperInvariant()
Trim             Method                string Trim(Params char[] trimChars), string Trim()
TrimEnd          Method                string TrimEnd(Params char[] trimChars)
TrimStart        Method                string TrimStart(Params char[] trimChars)
PSChildName      NoteProperty          System.String PSChildName=comp.txt
PSDrive          NoteProperty          System.Management.Automation.PSDriveInfo PSDrive=E
PSParentPath     NoteProperty          System.String PSParentPath=E:\raju
PSPath           NoteProperty          System.String PSPath=E:\raju\comp.txt
PSProvider       NoteProperty          System.Management.Automation.ProviderInfo PSProvider=Microsoft.PowerShell.Cor...
ReadCount        NoteProperty          System.Int64 ReadCount=1
Chars            ParameterizedProperty char Chars(int index) {get;}
Length           Property              int Length {get;}



PS E:\raju> get-help 

TOPIC
    Windows PowerShell Help System

SHORT DESCRIPTION
    Displays help about Windows PowerShell cmdlets and concepts.

LONG DESCRIPTION
    Windows PowerShell Help describes Windows PowerShell cmdlets,
    functions, scripts, and modules, and explains concepts, including
    the elements of the Windows PowerShell language.

    Windows PowerShell does not include help files, but you can read the
    help topics online, or use the Update-Help cmdlet to download help files
    to your computer and then use the Get-Help cmdlet to display the help
    topics at the command line.

    You can also use the Update-Help cmdlet to download updated help files
    as they are released so that your local help content is never obsolete.

    Without help files, Get-Help displays auto-generated help for cmdlets,
    functions, and scripts.


  ONLINE HELP
    You can find help for Windows PowerShell online in the TechNet Library
    beginning at http://go.microsoft.com/fwlink/?LinkID=108518.

    To open online help for any cmdlet or function, type:

        Get-Help <cmdlet-name> -Online

  UPDATE-HELP
    To download and install help files on your computer:

       1. Start Windows PowerShell with the "Run as administrator" option.
       2. Type:

          Update-Help

    After the help files are installed, you can use the Get-Help cmdlet to
    display the help topics. You can also use the Update-Help cmdlet to
    download updated help files so that your local help files are always
    up-to-date.

    For more information about the Update-Help cmdlet, type:

       Get-Help Update-Help -Online

    or go to: http://go.microsoft.com/fwlink/?LinkID=210614


  GET-HELP
    The Get-Help cmdlet displays help at the command line from content in
    help files on your computer. Without help files, Get-Help displays basic
    help about cmdlets and functions. You can also use Get-Help to display
    online help for cmdlets and functions.

    To get help for a cmdlet, type:

        Get-Help <cmdlet-name>

    To get online help, type:

        Get-Help <cmdlet-name> -Online

    The titles of conceptual topics begin with "About_".
    To get help for a concept or language element, type:

        Get-Help About_<topic-name>

    To search for a word or phrase in all help files, type:

        Get-Help <search-term>

    For more information about the Get-Help cmdlet, type:

        Get-Help Get-Help -Online

    or go to: http://go.microsoft.com/fwlink/?LinkID=113316


  EXAMPLES:
      Save-Help              : Download help files from the Internet and saves
                               them on a file share.
      Update-Help            : Downloads and installs help files from the
                               Internet or a file share.
      Get-Help Get-Process   : Displays help about the Get-Process cmdlet.
      Get-Help Get-Process -Online
                             : Opens online help for the Get-Process cmdlet.
      Help Get-Process       : Displays help about Get-Process one page at a time.
      Get-Process -?         : Displays help about the Get-Process cmdlet.
      Get-Help About_Modules : Displays help about Windows PowerShell modules.
      Get-Help remoting      : Searches the help topics for the word "remoting."

  SEE ALSO:
      about_Updatable_Help
      Get-Help
      Save-Help
      Update-Help














PS E:\raju> cls

PS E:\raju> [char]65 Get-Member
At line:1 char:10
+ [char]65 Get-Member
+          ~~~~~~~~~~
Unexpected token 'Get-Member' in expression or statement.
At line:1 char:10
+ [char]65 Get-Member
+          ~~~~~~~~~~
Unexpected token 'Get-Member' in expression or statement.


    + CategoryInfo          : ParserError: (:) [], ParentContainsErrorRecordException
    + FullyQualifiedErrorId : UnexpectedToken


PS E:\raju> [char]65 | Get-Member


   TypeName: System.Char

Name        MemberType Definition
----        ---------- ----------
CompareTo   Method     int CompareTo(System.Object value), int CompareTo(char value), int IComparable.CompareTo(Syst...
Equals      Method     bool Equals(System.Object obj), bool Equals(char obj), bool IEquatable[char].Equals(char other)
GetHashCode Method     int GetHashCode()
GetType     Method     type GetType()
GetTypeCode Method     System.TypeCode GetTypeCode(), System.TypeCode IConvertible.GetTypeCode()
ToBoolean   Method     bool IConvertible.ToBoolean(System.IFormatProvider provider)
ToByte      Method     byte IConvertible.ToByte(System.IFormatProvider provider)
ToChar      Method     char IConvertible.ToChar(System.IFormatProvider provider)
ToDateTime  Method     datetime IConvertible.ToDateTime(System.IFormatProvider provider)
ToDecimal   Method     decimal IConvertible.ToDecimal(System.IFormatProvider provider)
ToDouble    Method     double IConvertible.ToDouble(System.IFormatProvider provider)
ToInt16     Method     int16 IConvertible.ToInt16(System.IFormatProvider provider)
ToInt32     Method     int IConvertible.ToInt32(System.IFormatProvider provider)
ToInt64     Method     long IConvertible.ToInt64(System.IFormatProvider provider)
ToSByte     Method     sbyte IConvertible.ToSByte(System.IFormatProvider provider)
ToSingle    Method     float IConvertible.ToSingle(System.IFormatProvider provider)
ToString    Method     string ToString(), string ToString(System.IFormatProvider provider), string IConvertible.ToSt...
ToType      Method     System.Object IConvertible.ToType(type conversionType, System.IFormatProvider provider)
ToUInt16    Method     uint16 IConvertible.ToUInt16(System.IFormatProvider provider)
ToUInt32    Method     uint32 IConvertible.ToUInt32(System.IFormatProvider provider)
ToUInt64    Method     uint64 IConvertible.ToUInt64(System.IFormatProvider provider)



PS E:\raju> [char]65.tostrig() | Get-Member
At line:1 char:7
+ [char]65.tostrig() | Get-Member
+       ~~~~~~~~~~
Unexpected token '65.tostrig' in expression or statement.

At line:1 char:18
+ [char]65.tostrig() | Get-Member
+                  ~
An expression was expected after '('.
At line:1 char:7
+ [char]65.tostrig() | Get-Member
+       ~~~~~~~~~~
Unexpected token '65.tostrig' in expression or statement.

At line:1 char:18
+ [char]65.tostrig() | Get-Member
+                  ~
An expression was expected after '('.


    + CategoryInfo          : ParserError: (:) [], ParentContainsErrorRecordException
    + FullyQualifiedErrorId : UnexpectedToken


PS E:\raju> $([char]65).tosring().tolowercase()
Method invocation failed because [System.Char] does not contain a method named 'tosring'.
At line:1 char:3
+ $([char]65).tosring().tolowercase()
+   ~~~~~~~~
    + CategoryInfo          : InvalidOperation: (:) [], RuntimeException
    + FullyQualifiedErrorId : MethodNotFound


PS E:\raju> $([char]65).Tostring().Tolowercase()
Method invocation failed because [System.String] does not contain a method named 'Tolowercase'.
At line:1 char:3
+ $([char]65).Tostring().Tolowercase()
+   ~~~~~~~~
    + CategoryInfo          : InvalidOperation: (:) [], RuntimeException
    + FullyQualifiedErrorId : MethodNotFound


PS E:\raju> cls

PS E:\raju> Get-Command *user*

CommandType     Name                                               ModuleName
-----------     ----                                               ----------
Cmdlet          Add-AzureRemoteAppUser                             Azure
Cmdlet          Add-AzureRmApiManagementUserToGroup                AzureRM.ApiManagement
Cmdlet          Convert-MsolFederatedUser                          MSOnline
Cmdlet          Convert-MsolFederatedUser                          MSOnlineExtended
Cmdlet          Copy-AzureRemoteAppUserDisk                        Azure
Cmdlet          Export-AzureRemoteAppUserDisk                      Azure
Cmdlet          Get-AzureRemoteAppUser                             Azure
Cmdlet          Get-AzureRmADUser                                  AzureRM.Resources
Cmdlet          Get-AzureRmApiManagementUser                       AzureRM.ApiManagement
Cmdlet          Get-AzureRmApiManagementUserSsoUrl                 AzureRM.ApiManagement
Cmdlet          Get-AzureRmDtlVMsPerUserPolicy                     AzureRM.DevTestLabs
Cmdlet          Get-MsolUser                                       MSOnline
Cmdlet          Get-MsolUser                                       MSOnlineExtended
Cmdlet          Get-MsolUserByStrongAuthentication                 MSOnline
Cmdlet          Get-MsolUserByStrongAuthentication                 MSOnlineExtended
Cmdlet          Get-MsolUserRole                                   MSOnline
Cmdlet          Get-MsolUserRole                                   MSOnlineExtended
Cmdlet          Get-WinUserLanguageList                            International
Cmdlet          New-AzureBatchComputeNodeUser                      AzureRM.Batch
Cmdlet          New-AzureRmADUser                                  AzureRM.Resources
Cmdlet          New-AzureRmApiManagementUser                       AzureRM.ApiManagement
Cmdlet          New-MsolUser                                       MSOnline
Cmdlet          New-MsolUser                                       MSOnlineExtended
Cmdlet          New-WinUserLanguageList                            International
Cmdlet          Redo-MsolProvisionUser                             MSOnline
Cmdlet          Redo-MsolProvisionUser                             MSOnlineExtended
Cmdlet          Remove-AzureBatchComputeNodeUser                   AzureRM.Batch
Cmdlet          Remove-AzureRemoteAppUser                          Azure
Cmdlet          Remove-AzureRemoteAppUserDisk                      Azure
Cmdlet          Remove-AzureRmADUser                               AzureRM.Resources
Cmdlet          Remove-AzureRmApiManagementUser                    AzureRM.ApiManagement
Cmdlet          Remove-AzureRmApiManagementUserFromGroup           AzureRM.ApiManagement
Cmdlet          Remove-MsolUser                                    MSOnline
Cmdlet          Remove-MsolUser                                    MSOnlineExtended
Cmdlet          Restore-MsolUser                                   MSOnline
Cmdlet          Restore-MsolUser                                   MSOnlineExtended
Cmdlet          Set-AzureBatchComputeNodeUser                      AzureRM.Batch
Cmdlet          Set-AzureRmADUser                                  AzureRM.Resources
Cmdlet          Set-AzureRmApiManagementUser                       AzureRM.ApiManagement
Cmdlet          Set-AzureRmDtlVMsPerUserPolicy                     AzureRM.DevTestLabs
Cmdlet          Set-MsolUser                                       MSOnline
Cmdlet          Set-MsolUser                                       MSOnlineExtended
Cmdlet          Set-MsolUserLicense                                MSOnline
Cmdlet          Set-MsolUserLicense                                MSOnlineExtended
Cmdlet          Set-MsolUserPassword                               MSOnline
Cmdlet          Set-MsolUserPassword                               MSOnlineExtended
Cmdlet          Set-MsolUserPrincipalName                          MSOnline
Cmdlet          Set-MsolUserPrincipalName                          MSOnlineExtended
Cmdlet          Set-WinUserLanguageList                            International
Application     DsmUserTask.exe
Application     quser.exe
Application     UserAccountBroker.exe
Application     UserAccountControlSettings.exe
Application     userinit.exe


