**********************
Windows PowerShell transcript start
Start time: 20181020123049
Username: NTMS_PC8\Administrator
RunAs User: NTMS_PC8\Administrator
Machine: NTMS_PC8 (Microsoft Windows NT 6.3.9600.0)
Host Application: C:\Windows\System32\WindowsPowerShell\v1.0\powershell.exe
Process ID: 340
**********************
Transcript started, output file is raju.txt

PS C:\Users\Administrator> cd windows
cd : Cannot find path 'C:\Users\Administrator\windows' because it does not exist.
At line:1 char:1
+ cd windows
+ ~~~~~~~~~~
    + CategoryInfo          : ObjectNotFound: (C:\Users\Administrator\windows:String) [Set-Location], ItemNotFoundException
    + FullyQualifiedErrorId : PathNotFound,Microsoft.PowerShell.Commands.SetLocationCommand


PS C:\Users\Administrator> cd

PS C:\Users\Administrator> cd\

PS C:\> cls

PS C:\> Get-ChildItem hklm
Get-ChildItem : Cannot find path 'C:\hklm' because it does not exist.
At line:1 char:1
+ Get-ChildItem hklm
+ ~~~~~~~~~~~~~~~~~~
    + CategoryInfo          : ObjectNotFound: (C:\hklm:String) [Get-ChildItem], ItemNotFoundException
    + FullyQualifiedErrorId : PathNotFound,Microsoft.PowerShell.Commands.GetChildItemCommand


PS C:\> Get-ChildItem hklm:


    Hive: HKEY_LOCAL_MACHINE


Name                           Property
----                           --------
BCD00000000
HARDWARE
SAM
Get-ChildItem : Requested registry access is not allowed.
At line:1 char:1
+ Get-ChildItem hklm:
+ ~~~~~~~~~~~~~~~~~~~
    + CategoryInfo          : PermissionDenied: (HKEY_LOCAL_MACHINE\SECURITY:String) [Get-ChildItem], SecurityException
    + FullyQualifiedErrorId : System.Security.SecurityException,Microsoft.PowerShell.Commands.GetChildItemCommand

SOFTWARE
SYSTEM



PS C:\> cd .\Windows

PS C:\Windows> Get-ChildItem HKLM:


    Hive: HKEY_LOCAL_MACHINE


Name                           Property
----                           --------
BCD00000000
HARDWARE
SAM
Get-ChildItem : Requested registry access is not allowed.
At line:1 char:1
+ Get-ChildItem HKLM:
+ ~~~~~~~~~~~~~~~~~~~
    + CategoryInfo          : PermissionDenied: (HKEY_LOCAL_MACHINE\SECURITY:String) [Get-ChildItem], SecurityException
    + FullyQualifiedErrorId : System.Security.SecurityException,Microsoft.PowerShell.Commands.GetChildItemCommand

SOFTWARE
SYSTEM



PS C:\Windows> Get-ChildItem HKLM:\SYSTEM


    Hive: HKEY_LOCAL_MACHINE\SYSTEM


Name                           Property
----                           --------
ControlSet001
DriverDatabase                 Version      : 100859904
                               Architecture : 9
                               OemInfMap    : {255, 255, 255, 255...}
HardwareConfig                 LastConfig : {03000200-0400-0500-0006-000700080009}
                               LastId     : 0
MountedDevices                 \??\Volume{ffe1008a-1500-11e7-82ec-806e6f6e6963} : {15, 12, 210, 248...}
                               \DosDevices\C:                                   : {68, 77, 73, 79...}
                               \DosDevices\D:                                   : {68, 77, 73, 79...}
                               \DosDevices\E:                                   : {15, 12, 210, 248...}
                               \??\Volume{fa333575-1501-11e7-82ee-d05099a474e0} : {95, 0, 63, 0...}
                               \??\Volume{dc003998-20c0-11e7-82f3-d05099a474e0} : {95, 0, 63, 0...}
                               \??\Volume{dc0039c6-20c0-11e7-82f3-d05099a474e0} : {92, 0, 63, 0...}
                               \DosDevices\G:                                   : {95, 0, 63, 0...}
                               \??\Volume{978d7501-229b-11e7-82f4-d05099a474e0} : {95, 0, 63, 0...}
                               \??\Volume{31054ffc-3ad8-11e7-82f6-d05099a474e0} : {95, 0, 63, 0...}
                               \??\Volume{3105500d-3ad8-11e7-82f6-d05099a474e0} : {95, 0, 63, 0...}
                               \??\Volume{c5bb42d2-4371-11e7-82f8-d05099a474e0} : {95, 0, 63, 0...}
                               \??\Volume{a5379360-45e2-11e7-82fa-d05099a474e0} : {95, 0, 63, 0...}
                               \??\Volume{c1505a1b-5cbe-11e7-832e-d05099a474e0} : {92, 0, 63, 0...}
                               \??\Volume{c1505a1f-5cbe-11e7-832e-d05099a474e0} : {92, 0, 63, 0...}
                               \??\Volume{0388f9e2-6bcc-11e7-8354-d05099a474e0} : {132, 225, 6, 157...}
                               \??\Volume{f21ef91c-6c98-11e7-8357-d05099a474e0} : {95, 0, 63, 0...}
                               \??\Volume{ff178582-7aa2-11e7-8373-d05099a474e0} : {95, 0, 63, 0...}
                               \??\Volume{ff178612-7aa2-11e7-8373-d05099a474e0} : {95, 0, 63, 0...}
                               \??\Volume{7d09fb75-802e-11e7-837d-d05099a474e0} : {95, 0, 63, 0...}
                               \??\Volume{888b6a57-831f-11e7-8388-d05099a474e0} : {95, 0, 63, 0...}
                               \??\Volume{e47cab86-8ae3-11e7-839a-d05099a474e0} : {59, 182, 242, 159...}
                               \??\Volume{ba02c5a3-9494-11e7-83ae-d05099a474e0} : {95, 0, 63, 0...}
                               \??\Volume{39208b83-9543-11e7-83b0-d05099a474e0} : {56, 220, 210, 19...}
                               \??\Volume{e92d6403-95ee-11e7-83b3-d05099a474e0} : {92, 0, 63, 0...}
                               \??\Volume{e92d6486-95ee-11e7-83b3-d05099a474e0} : {95, 0, 63, 0...}
                               \??\Volume{e92d6508-95ee-11e7-83b3-d05099a474e0} : {92, 0, 63, 0...}
                               \??\Volume{e92d6631-95ee-11e7-83b3-d05099a474e0} : {92, 0, 63, 0...}
                               \??\Volume{4bf81cea-9615-11e7-83b3-d05099a474e0} : {95, 0, 63, 0...}
                               \??\Volume{4bf81f1f-9615-11e7-83b3-d05099a474e0} : {95, 0, 63, 0...}
                               \??\Volume{a108ae59-9a84-11e7-83c4-d05099a474e0} : {95, 0, 63, 0...}
                               \??\Volume{a108b022-9a84-11e7-83c4-d05099a474e0} : {95, 0, 63, 0...}
                               \??\Volume{c1345354-9b69-11e7-83c5-d05099a474e0} : {95, 0, 63, 0...}
                               \??\Volume{56ff192a-9b90-11e7-83c5-d05099a474e0} : {95, 0, 63, 0...}
                               \??\Volume{32a029d3-a046-11e7-83cd-d05099a474e0} : {95, 0, 63, 0...}
                               \??\Volume{c2703354-a0e5-11e7-83d0-d05099a474e0} : {95, 0, 63, 0...}
                               \??\Volume{936ad2d7-a0f2-11e7-83d0-d05099a474e0} : {95, 0, 63, 0...}
                               \??\Volume{7f365343-a10c-11e7-83d0-d05099a474e0} : {95, 0, 63, 0...}
                               \??\Volume{7f3654a9-a10c-11e7-83d0-d05099a474e0} : {95, 0, 63, 0...}
                               \??\Volume{533f1282-acf1-11e7-83ed-d05099a474e0} : {95, 0, 63, 0...}
                               \??\Volume{533f1283-acf1-11e7-83ed-d05099a474e0} : {95, 0, 63, 0...}
                               \??\Volume{2839188c-acfe-11e7-83ed-d05099a474e0} : {95, 0, 63, 0...}
                               \??\Volume{28391993-acfe-11e7-83ed-d05099a474e0} : {243, 68, 5, 25...}
                               \??\Volume{d35c9220-adb3-11e7-83f0-d05099a474e0} : {95, 0, 63, 0...}
                               \??\Volume{b9f6ea14-b195-11e7-83fd-d05099a474e0} : {95, 0, 63, 0...}
                               \??\Volume{64022482-b2fc-11e7-8401-d05099a474e0} : {95, 0, 63, 0...}
                               \??\Volume{65d971a7-b9f7-11e7-840b-d05099a474e0} : {95, 0, 63, 0...}
                               \??\Volume{65d9728f-b9f7-11e7-840b-d05099a474e0} : {92, 0, 63, 0...}
                               \??\Volume{c5c73f6b-bba0-11e7-840f-d05099a474e0} : {92, 0, 63, 0...}
                               \??\Volume{9285d8cd-bbac-11e7-840f-d05099a474e0} : {95, 0, 63, 0...}
                               \??\Volume{b3e02c5a-c105-11e7-841d-d05099a474e0} : {37, 41, 252, 201...}
                               \??\Volume{a7fbc1a9-c135-11e7-841d-d05099a474e0} : {95, 0, 63, 0...}
                               \??\Volume{7ce40ee8-c9ae-11e7-8430-d05099a474e0} : {95, 0, 63, 0...}
                               \??\Volume{d479f65e-d1bd-11e7-8444-d05099a474e0} : {95, 0, 63, 0...}
                               \??\Volume{af2c3c29-dd8d-11e7-8458-d05099a474e0} : {95, 0, 63, 0...}
                               \??\Volume{76bbc874-df4a-11e7-845b-d05099a474e0} : {95, 0, 63, 0...}
                               \??\Volume{4c3027e6-e3b5-11e7-8464-d05099a474e0} : {95, 0, 63, 0...}
                               \??\Volume{d23bbab2-e4c5-11e7-8468-d05099a474e0} : {95, 0, 63, 0...}
                               \??\Volume{5e501ff3-e7c7-11e7-8472-d05099a474e0} : {95, 0, 63, 0...}
                               \??\Volume{81f25711-e869-11e7-8474-d05099a474e0} : {100, 203, 64, 126...}
                               \??\Volume{fe2066fb-e88f-11e7-8474-d05099a474e0} : {95, 0, 63, 0...}
                               \??\Volume{58edf351-f08e-11e7-847f-d05099a474e0} : {95, 0, 63, 0...}
                               \??\Volume{d08b9caa-f5b1-11e7-848a-d05099a474e0} : {95, 0, 63, 0...}
                               \??\Volume{b8696cfa-f90c-11e7-8491-d05099a474e0} : {95, 0, 63, 0...}
                               \??\Volume{b80b38e7-ff1f-11e7-849e-d05099a474e0} : {95, 0, 63, 0...}
                               \??\Volume{dda32312-03dc-11e8-84a7-d05099a474e0} : {95, 0, 63, 0...}
                               \??\Volume{47875bbd-170b-11e8-84c9-d05099a474e0} : {95, 0, 63, 0...}
                               \??\Volume{478763bb-170b-11e8-84c9-d05099a474e0} : {95, 0, 63, 0...}
                               \??\Volume{478763ea-170b-11e8-84c9-d05099a474e0} : {95, 0, 63, 0...}
                               \??\Volume{478769b0-170b-11e8-84c9-d05099a474e0} : {95, 0, 63, 0...}
                               \??\Volume{cbeee01e-2d8c-11e8-84fb-806e6f6e6963} : {95, 0, 63, 0...
RNG                            ExternalEntropyCount : 2
                               Seed                 : {82, 117, 110, 110...}
Select                         Current       : 1
                               Default       : 1
                               Failed        : 0
                               LastKnownGood : 1
Setup                          RestartSetup          : 0
                               SystemSetupInProgress : 0
                               SetupPhase            : 0
                               OsLoaderPath          : \
                               CmdLine               :
                               RespecializeCmdLine   : Sysprep\sysprep.exe /respecialize /quiet
                               SystemPartition       : \Device\HarddiskVolume2
                               SetupType             : 0
                               OOBEInProgress        : 0
                               WorkingDirectory      : C:\Windows\Panther
                               CloneTag              : {Wed Mar 29 12:12:45 2017}
                               RemoveWindowsOld      : 0
WPA
CurrentControlSet



PS C:\Windows> cd..

PS C:\> New-Item Raju
>> TerminatingError(): "The pipeline has been stopped."
>> TerminatingError(): "The pipeline has been stopped."

PS C:\> New-Item raju
>> TerminatingError(): "The pipeline has been stopped."
>> TerminatingError(): "The pipeline has been stopped."

PS C:\> cls

PS C:\> New-Item -Type c:\raju
>> TerminatingError(): "The pipeline has been stopped."
>> TerminatingError(): "The pipeline has been stopped."

PS C:\> New-Item -Type Directory raju


    Directory: C:\


Mode                LastWriteTime     Length Name
----                -------------     ------ ----
d----        20-10-2018  12:38 PM            raju



PS C:\> cd .\raju

PS C:\raju> New-Item -Type c:\raju\test.txt
>> TerminatingError(): "The pipeline has been stopped."
>> TerminatingError(): "The pipeline has been stopped."

PS C:\raju> New-ItemType file c:\raju\test.txt
New-ItemType : The term 'New-ItemType' is not recognized as the name of a cmdlet, function, script file, or operable program. Check the spelling of the name,
or if a path was included, verify that the path is correct and try again.
At line:1 char:1
+ New-ItemType file c:\raju\test.txt
+ ~~~~~~~~~~~~
    + CategoryInfo          : ObjectNotFound: (New-ItemType:String) [], CommandNotFoundException
    + FullyQualifiedErrorId : CommandNotFoundException


PS C:\raju> New-ItemType file "c:\raju\test.txt"
New-ItemType : The term 'New-ItemType' is not recognized as the name of a cmdlet, function, script file, or operable program. Check the spelling of the name,
or if a path was included, verify that the path is correct and try again.
At line:1 char:1
+ New-ItemType file "c:\raju\test.txt"
+ ~~~~~~~~~~~~
    + CategoryInfo          : ObjectNotFound: (New-ItemType:String) [], CommandNotFoundException
    + FullyQualifiedErrorId : CommandNotFoundException


PS C:\raju> New-ItemType file 'c:\raju\test.txt'
New-ItemType : The term 'New-ItemType' is not recognized as the name of a cmdlet, function, script file, or operable program. Check the spelling of the name,
or if a path was included, verify that the path is correct and try again.
At line:1 char:1
+ New-ItemType file 'c:\raju\test.txt'
+ ~~~~~~~~~~~~
    + CategoryInfo          : ObjectNotFound: (New-ItemType:String) [], CommandNotFoundException
    + FullyQualifiedErrorId : CommandNotFoundException


PS C:\raju> New-ItemType file 'test.txt'
New-ItemType : The term 'New-ItemType' is not recognized as the name of a cmdlet, function, script file, or operable program. Check the spelling of the name,
or if a path was included, verify that the path is correct and try again.
At line:1 char:1
+ New-ItemType file 'test.txt'
+ ~~~~~~~~~~~~
    + CategoryInfo          : ObjectNotFound: (New-ItemType:String) [], CommandNotFoundException
    + FullyQualifiedErrorId : CommandNotFoundException


PS C:\raju> New-ItemType file test.txt
New-ItemType : The term 'New-ItemType' is not recognized as the name of a cmdlet, function, script file, or operable program. Check the spelling of the name,
or if a path was included, verify that the path is correct and try again.
At line:1 char:1
+ New-ItemType file test.txt
+ ~~~~~~~~~~~~
    + CategoryInfo          : ObjectNotFound: (New-ItemType:String) [], CommandNotFoundException
    + FullyQualifiedErrorId : CommandNotFoundException


PS C:\raju> New-Item -file test.txt
>> TerminatingError(New-Item): "A parameter cannot be found that matches parameter name 'file'."
New-Item : A parameter cannot be found that matches parameter name 'file'.
At line:1 char:10
+ New-Item -file test.txt
+          ~~~~~
    + CategoryInfo          : InvalidArgument: (:) [New-Item], ParameterBindingException
    + FullyQualifiedErrorId : NamedParameterNotFound,Microsoft.PowerShell.Commands.NewItemCommand


PS C:\raju> New-Item -Type file -Path c:\raju\test.txt


    Directory: C:\raju


Mode                LastWriteTime     Length Name
----                -------------     ------ ----
-a---        20-10-2018  12:46 PM          0 test.txt



PS C:\raju> Set-Content tes.txt
>> TerminatingError(): "The pipeline has been stopped."
>> TerminatingError(): "The pipeline has been stopped."

PS C:\raju> Get-Item -properties test.txt
>> TerminatingError(Get-Item): "A parameter cannot be found that matches parameter name 'properties'."
Get-Item : A parameter cannot be found that matches parameter name 'properties'.
At line:1 char:10
+ Get-Item -properties test.txt
+          ~~~~~~~~~~~
    + CategoryInfo          : InvalidArgument: (:) [Get-Item], ParameterBindingException
    + FullyQualifiedErrorId : NamedParameterNotFound,Microsoft.PowerShell.Commands.GetItemCommand


PS C:\raju> Get-Item 
>> TerminatingError(): "The pipeline has been stopped."
>> TerminatingError(): "The pipeline has been stopped."

PS C:\raju> Set-Content -Path C:\raju\test.txt -Value "abcdfdggsgsg"

PS C:\raju> Get-Content -Path C:\raju\test.txt -Value "abcdfdggsgsg"
>> TerminatingError(Get-Content): "A parameter cannot be found that matches parameter name 'Value'."
Get-Content : A parameter cannot be found that matches parameter name 'Value'.
At line:1 char:36
+ Get-Content -Path C:\raju\test.txt -Value "abcdfdggsgsg"
+                                    ~~~~~~
    + CategoryInfo          : InvalidArgument: (:) [Get-Content], ParameterBindingException
    + FullyQualifiedErrorId : NamedParameterNotFound,Microsoft.PowerShell.Commands.GetContentCommand


PS C:\raju> Get-Content -Path C:\raju\test.txt
abcdfdggsgsg

PS C:\raju> "add more txt message" | Out-File -path c:\raju\test.txt" -append
The string is missing the terminator: ".

PS C:\raju> "add more txt message" | Out-File test.txt -Append

PS C:\raju> .\test.txt

PS C:\raju> Add-Content test.txt "dfgsgsd"

PS C:\raju> Get-ChildItem ENV:

Name                           Value
----                           -----
ALLUSERSPROFILE                C:\ProgramData
APPDATA                        C:\Users\Administrator\AppData\Roaming
CommonProgramFiles             C:\Program Files\Common Files
CommonProgramFiles(x86)        C:\Program Files (x86)\Common Files
CommonProgramW6432             C:\Program Files\Common Files
COMPUTERNAME                   NTMS_PC8
ComSpec                        C:\Windows\system32\cmd.exe
FP_NO_HOST_CHECK               NO
HOMEDRIVE                      C:
HOMEPATH                       \Users\Administrator
LOCALAPPDATA                   C:\Users\Administrator\AppData\Local
LOGONSERVER                    \\NTMS_PC8
NUMBER_OF_PROCESSORS           4
OS                             Windows_NT
Path                           C:\Windows\system32;C:\Windows;C:\Windows\System32\Wbem;C:\Windows\System32\WindowsPowerShell\v1.0\;C:\Program Files\Microsof...
PATHEXT                        .COM;.EXE;.BAT;.CMD;.VBS;.VBE;.JS;.JSE;.WSF;.WSH;.MSC;.CPL
PROCESSOR_ARCHITECTURE         AMD64
PROCESSOR_IDENTIFIER           Intel64 Family 6 Model 94 Stepping 3, GenuineIntel
PROCESSOR_LEVEL                6
PROCESSOR_REVISION             5e03
ProgramData                    C:\ProgramData
ProgramFiles                   C:\Program Files
ProgramFiles(x86)              C:\Program Files (x86)
ProgramW6432                   C:\Program Files
PSModulePath                   C:\Program Files\Microsoft Azure AD Connect Authentication Agent\Modules\;C:\Program Files\WindowsPowerShell\Modules;C:\Windo...
PUBLIC                         C:\Users\Public
SESSIONNAME                    Console
SystemDrive                    C:
SystemRoot                     C:\Windows
TEMP                           C:\Users\ADMINI~1\AppData\Local\Temp
TMP                            C:\Users\ADMINI~1\AppData\Local\Temp
USERDOMAIN                     NTMS_PC8
USERDOMAIN_ROAMINGPROFILE      NTMS_PC8
USERNAME                       Administrator
USERPROFILE                    C:\Users\Administrator
windir                         C:\Windows



PS C:\raju> New-Item ENV:
New-Item : Cannot process argument because the value of argument "path" is not valid. Change the value of the "path" argument and run the operation again.
At line:1 char:1
+ New-Item ENV:
+ ~~~~~~~~~~~~~
    + CategoryInfo          : InvalidArgument: (:String) [New-Item], PSArgumentException
    + FullyQualifiedErrorId : NewItemNullPath,Microsoft.PowerShell.Commands.NewItemCommand


PS C:\raju> New-Item ENV:\home direcotry test line one
>> TerminatingError(New-Item): "A positional parameter cannot be found that accepts argument 'direcotry'."
New-Item : A positional parameter cannot be found that accepts argument 'direcotry'.
At line:1 char:1
+ New-Item ENV:\home direcotry test line one
+ ~~~~~~~~~~~~~~~~~~~~~~~~~~~~~~~~~~~~~~~~~~
    + CategoryInfo          : InvalidArgument: (:) [New-Item], ParameterBindingException
    + FullyQualifiedErrorId : PositionalParameterNotFound,Microsoft.PowerShell.Commands.NewItemCommand


PS C:\raju> New-Item ENV:\home envtest.txt
>> TerminatingError(New-Item): "A positional parameter cannot be found that accepts argument 'envtest.txt'."
New-Item : A positional parameter cannot be found that accepts argument 'envtest.txt'.
At line:1 char:1
+ New-Item ENV:\home envtest.txt
+ ~~~~~~~~~~~~~~~~~~~~~~~~~~~~~~
    + CategoryInfo          : InvalidArgument: (:) [New-Item], ParameterBindingException
    + FullyQualifiedErrorId : PositionalParameterNotFound,Microsoft.PowerShell.Commands.NewItemCommand


PS C:\raju> New-Item ENV:\home -value envtest.txt

Name                           Value
----                           -----
home                           envtest.txt



PS C:\raju> New-Item ENV:\home -value 234
New-Item : The item at path 'home' already exists.
At line:1 char:1
+ New-Item ENV:\home -value 234
+ ~~~~~~~~~~~~~~~~~~~~~~~~~~~~~
    + CategoryInfo          : InvalidArgument: (:) [New-Item], PSArgumentException
    + FullyQualifiedErrorId : Argument,Microsoft.PowerShell.Commands.NewItemCommand


PS C:\raju> New-Item -value 234 directory -path ENV:\v4
>> TerminatingError(New-Item): "A positional parameter cannot be found that accepts argument 'directory'."
New-Item : A positional parameter cannot be found that accepts argument 'directory'.
At line:1 char:1
+ New-Item -value 234 directory -path ENV:\v4
+ ~~~~~~~~~~~~~~~~~~~~~~~~~~~~~~~~~~~~~~~~~~~
    + CategoryInfo          : InvalidArgument: (:) [New-Item], ParameterBindingException
    + FullyQualifiedErrorId : PositionalParameterNotFound,Microsoft.PowerShell.Commands.NewItemCommand


PS C:\raju> New-Item -value Directory -path ENV:\v4

Name                           Value
----                           -----
v4                             Directory



PS C:\raju> Get-Item ENV:\raju | Out-File c:\raju\recovery
Get-Item : Cannot find path 'Env:\raju' because it does not exist.
At line:1 char:1
+ Get-Item ENV:\raju | Out-File c:\raju\recovery
+ ~~~~~~~~~~~~~~~~~~
    + CategoryInfo          : ObjectNotFound: (Env:\raju:String) [Get-Item], ItemNotFoundException
    + FullyQualifiedErrorId : PathNotFound,Microsoft.PowerShell.Commands.GetItemCommand


PS C:\raju> Get-Item ENV:\raju | Out-File c:\raju\recovery.txt
Get-Item : Cannot find path 'Env:\raju' because it does not exist.
At line:1 char:1
+ Get-Item ENV:\raju | Out-File c:\raju\recovery.txt
+ ~~~~~~~~~~~~~~~~~~
    + CategoryInfo          : ObjectNotFound: (Env:\raju:String) [Get-Item], ItemNotFoundException
    + FullyQualifiedErrorId : PathNotFound,Microsoft.PowerShell.Commands.GetItemCommand


PS C:\raju> Get-Item ENV:\raju | Out-File "c:\raju\recovery.txt"
Get-Item : Cannot find path 'Env:\raju' because it does not exist.
At line:1 char:1
+ Get-Item ENV:\raju | Out-File "c:\raju\recovery.txt"
+ ~~~~~~~~~~~~~~~~~~
    + CategoryInfo          : ObjectNotFound: (Env:\raju:String) [Get-Item], ItemNotFoundException
    + FullyQualifiedErrorId : PathNotFound,Microsoft.PowerShell.Commands.GetItemCommand


PS C:\raju> Get-PSProvider

Name                 Capabilities                                                          Drives
----                 ------------                                                          ------
Alias                ShouldProcess                                                         {Alias}
Environment          ShouldProcess                                                         {Env}
FileSystem           Filter, ShouldProcess, Credentials                                    {C, D, E}
Function             ShouldProcess                                                         {Function}
Registry             ShouldProcess, Transactions                                           {HKLM, HKCU}
Variable             ShouldProcess                                                         {Variable}



PS C:\raju> Write-EventLog -LogName Application  -Message "error123-test"
>> TerminatingError(): "The pipeline has been stopped."
>> TerminatingError(): "The pipeline has been stopped."

PS C:\raju> Write-EventLog -LogName Application  -Message "error123-test"
Write-EventLog : The source name "essent" does not exist on computer "localhost".
At line:1 char:1
+ Write-EventLog -LogName Application  -Message "error123-test"
+ ~~~~~~~~~~~~~~~~~~~~~~~~~~~~~~~~~~~~~~~~~~~~~~~~~~~~~~~~~~~~~
    + CategoryInfo          : InvalidOperation: (:) [Write-EventLog], InvalidOperationException
    + FullyQualifiedErrorId : Microsoft.PowerShell.Commands.WriteEventLogCommand


PS C:\raju> Get-EventLog -LogName Security newest
>> TerminatingError(Get-EventLog): "Cannot bind parameter 'InstanceId'. Cannot convert value "newest" to type "System.Int64". Error: "Input string was not in a correct format.""
Get-EventLog : Cannot bind parameter 'InstanceId'. Cannot convert value "newest" to type "System.Int64". Error: "Input string was not in a correct format."
At line:1 char:32
+ Get-EventLog -LogName Security newest
+                                ~~~~~~
    + CategoryInfo          : InvalidArgument: (:) [Get-EventLog], ParameterBindingException
    + FullyQualifiedErrorId : CannotConvertArgumentNoMessage,Microsoft.PowerShell.Commands.GetEventLogCommand


PS C:\raju> Get-Eventlog -LogName Application -Source
>> TerminatingError(Get-EventLog): "Missing an argument for parameter 'Source'. Specify a parameter of type 'System.String[]' and try again."
Get-EventLog : Missing an argument for parameter 'Source'. Specify a parameter of type 'System.String[]' and try again.
At line:1 char:35
+ Get-Eventlog -LogName Application -Source
+                                   ~~~~~~~
    + CategoryInfo          : InvalidArgument: (:) [Get-EventLog], ParameterBindingException
    + FullyQualifiedErrorId : MissingArgument,Microsoft.PowerShell.Commands.GetEventLogCommand


PS C:\raju> Get-Eventlog -LogName -Application -Source
>> TerminatingError(Get-EventLog): "Missing an argument for parameter 'Source'. Specify a parameter of type 'System.String[]' and try again."
Get-EventLog : Missing an argument for parameter 'Source'. Specify a parameter of type 'System.String[]' and try again.
At line:1 char:36
+ Get-Eventlog -LogName -Application -Source
+                                    ~~~~~~~
    + CategoryInfo          : InvalidArgument: (:) [Get-EventLog], ParameterBindingException
    + FullyQualifiedErrorId : MissingArgument,Microsoft.PowerShell.Commands.GetEventLogCommand


PS C:\raju> Write-EventLog -LogName Application  -Message "error123-test"

PS C:\raju> Write-EventLog -LogName Application  -Message "error123-test"

PS C:\raju> Get-EventLog -LogName Application -Message "error123-test"
Get-EventLog : No matches found
At line:1 char:1
+ Get-EventLog -LogName Application -Message "error123-test"
+ ~~~~~~~~~~~~~~~~~~~~~~~~~~~~~~~~~~~~~~~~~~~~~~~~~~~~~~~~~~
    + CategoryInfo          : ObjectNotFound: (:) [Get-EventLog], ArgumentException
    + FullyQualifiedErrorId : GetEventLogNoEntriesFound,Microsoft.PowerShell.Commands.GetEventLogCommand


PS C:\raju> $myavar=9

PS C:\raju> $9

PS C:\raju> $9

PS C:\raju> $9=test
test : The term 'test' is not recognized as the name of a cmdlet, function, script file, or operable program. Check the spelling of the name, or if a path was
included, verify that the path is correct and try again.
At line:1 char:4
+ $9=test
+    ~~~~
    + CategoryInfo          : ObjectNotFound: (test:String) [], CommandNotFoundException
    + FullyQualifiedErrorId : CommandNotFoundException


PS C:\raju> $myavar.GetType

OverloadDefinitions
-------------------
type GetType()




PS C:\raju> $myavar="2"

PS C:\raju> $myavar.GetType

OverloadDefinitions
-------------------
type GetType()




PS C:\raju> type Getype 2
>> TerminatingError(Get-Content): "A positional parameter cannot be found that accepts argument '2'."
Get-Content : A positional parameter cannot be found that accepts argument '2'.
At line:1 char:1
+ type Getype 2
+ ~~~~~~~~~~~~~
    + CategoryInfo          : InvalidArgument: (:) [Get-Content], ParameterBindingException
    + FullyQualifiedErrorId : PositionalParameterNotFound,Microsoft.PowerShell.Commands.GetContentCommand


PS C:\raju> $myavar="2"

PS C:\raju> $myavar.GetType()

IsPublic IsSerial Name                                     BaseType
-------- -------- ----                                     --------
True     True     String                                   System.Object



PS C:\raju> $myavar+2
22

PS C:\raju> $myavar.GetType()

IsPublic IsSerial Name                                     BaseType
-------- -------- ----                                     --------
True     True     String                                   System.Object



PS C:\raju> $myavar+2
22

PS C:\raju> [int]::Minavalue

PS C:\raju> [int]::MinValue
-2147483648

PS C:\raju> [int64]::MinValue
-9223372036854775808

PS C:\raju> [uint]::MinValue
Unable to find type [uint]. Make sure that the assembly that contains this type is loaded.
At line:1 char:1
+ [uint]::MinValue
+ ~~~~~~~~~~~~~~~~
    + CategoryInfo          : InvalidOperation: (uint:TypeName) [], RuntimeException
    + FullyQualifiedErrorId : TypeNotFound


PS C:\raju> [uint32]::MinValue
0

PS C:\raju> $myvar="this is my object"

PS C:\raju> $myvar
this is my object

PS C:\raju> Get-Type()
At line:1 char:10
+ Get-Type()
+          ~
An expression was expected after '('.
At line:1 char:10
+ Get-Type()
+          ~
An expression was expected after '('.


    + CategoryInfo          : ParserError: (:) [], ParentContainsErrorRecordException
    + FullyQualifiedErrorId : ExpectedExpression


PS C:\raju> Get-Type .()
At line:1 char:12
+ Get-Type .()
+            ~
An expression was expected after '('.
At line:1 char:12
+ Get-Type .()
+            ~
An expression was expected after '('.


    + CategoryInfo          : ParserError: (:) [], ParentContainsErrorRecordException
    + FullyQualifiedErrorId : ExpectedExpression


PS C:\raju> Get-Type
Get-Type : The term 'Get-Type' is not recognized as the name of a cmdlet, function, script file, or operable program. Check the spelling of the name, or if a
path was included, verify that the path is correct and try again.
At line:1 char:1
+ Get-Type
+ ~~~~~~~~
    + CategoryInfo          : ObjectNotFound: (Get-Type:String) [], CommandNotFoundException
    + FullyQualifiedErrorId : CommandNotFoundException


PS C:\raju> $myva | Get-Member
Get-Member : You must specify an object for the Get-Member cmdlet.
At line:1 char:9
+ $myva | Get-Member
+         ~~~~~~~~~~
    + CategoryInfo          : CloseError: (:) [Get-Member], InvalidOperationException
    + FullyQualifiedErrorId : NoObjectInGetMember,Microsoft.PowerShell.Commands.GetMemberCommand


PS C:\raju> $myvar | Get-Member


   TypeName: System.String

Name             MemberType            Definition
----             ----------            ----------
Clone            Method                System.Object Clone(), System.Object ICloneable.Clone()
CompareTo        Method                int CompareTo(System.Object value), int CompareTo(string strB), int IComparable.CompareTo(System.Object obj), int ICo...
Contains         Method                bool Contains(string value)
CopyTo           Method                void CopyTo(int sourceIndex, char[] destination, int destinationIndex, int count)
EndsWith         Method                bool EndsWith(string value), bool EndsWith(string value, System.StringComparison comparisonType), bool EndsWith(strin...
Equals           Method                bool Equals(System.Object obj), bool Equals(string value), bool Equals(string value, System.StringComparison comparis...
GetEnumerator    Method                System.CharEnumerator GetEnumerator(), System.Collections.IEnumerator IEnumerable.GetEnumerator(), System.Collections...
GetHashCode      Method                int GetHashCode()
GetType          Method                type GetType()
GetTypeCode      Method                System.TypeCode GetTypeCode(), System.TypeCode IConvertible.GetTypeCode()
IndexOf          Method                int IndexOf(char value), int IndexOf(char value, int startIndex), int IndexOf(char value, int startIndex, int count),...
IndexOfAny       Method                int IndexOfAny(char[] anyOf), int IndexOfAny(char[] anyOf, int startIndex), int IndexOfAny(char[] anyOf, int startInd...
Insert           Method                string Insert(int startIndex, string value)
IsNormalized     Method                bool IsNormalized(), bool IsNormalized(System.Text.NormalizationForm normalizationForm)
LastIndexOf      Method                int LastIndexOf(char value), int LastIndexOf(char value, int startIndex), int LastIndexOf(char value, int startIndex,...
LastIndexOfAny   Method                int LastIndexOfAny(char[] anyOf), int LastIndexOfAny(char[] anyOf, int startIndex), int LastIndexOfAny(char[] anyOf, ...
Normalize        Method                string Normalize(), string Normalize(System.Text.NormalizationForm normalizationForm)
PadLeft          Method                string PadLeft(int totalWidth), string PadLeft(int totalWidth, char paddingChar)
PadRight         Method                string PadRight(int totalWidth), string PadRight(int totalWidth, char paddingChar)
Remove           Method                string Remove(int startIndex, int count), string Remove(int startIndex)
Replace          Method                string Replace(char oldChar, char newChar), string Replace(string oldValue, string newValue)
Split            Method                string[] Split(Params char[] separator), string[] Split(char[] separator, int count), string[] Split(char[] separator...
StartsWith       Method                bool StartsWith(string value), bool StartsWith(string value, System.StringComparison comparisonType), bool StartsWith...
Substring        Method                string Substring(int startIndex), string Substring(int startIndex, int length)
ToBoolean        Method                bool IConvertible.ToBoolean(System.IFormatProvider provider)
ToByte           Method                byte IConvertible.ToByte(System.IFormatProvider provider)
ToChar           Method                char IConvertible.ToChar(System.IFormatProvider provider)
ToCharArray      Method                char[] ToCharArray(), char[] ToCharArray(int startIndex, int length)
ToDateTime       Method                datetime IConvertible.ToDateTime(System.IFormatProvider provider)
ToDecimal        Method                decimal IConvertible.ToDecimal(System.IFormatProvider provider)
ToDouble         Method                double IConvertible.ToDouble(System.IFormatProvider provider)
ToInt16          Method                int16 IConvertible.ToInt16(System.IFormatProvider provider)
ToInt32          Method                int IConvertible.ToInt32(System.IFormatProvider provider)
ToInt64          Method                long IConvertible.ToInt64(System.IFormatProvider provider)
ToLower          Method                string ToLower(), string ToLower(cultureinfo culture)
ToLowerInvariant Method                string ToLowerInvariant()
ToSByte          Method                sbyte IConvertible.ToSByte(System.IFormatProvider provider)
ToSingle         Method                float IConvertible.ToSingle(System.IFormatProvider provider)
ToString         Method                string ToString(), string ToString(System.IFormatProvider provider), string IConvertible.ToString(System.IFormatProvi...
ToType           Method                System.Object IConvertible.ToType(type conversionType, System.IFormatProvider provider)
ToUInt16         Method                uint16 IConvertible.ToUInt16(System.IFormatProvider provider)
ToUInt32         Method                uint32 IConvertible.ToUInt32(System.IFormatProvider provider)
ToUInt64         Method                uint64 IConvertible.ToUInt64(System.IFormatProvider provider)
ToUpper          Method                string ToUpper(), string ToUpper(cultureinfo culture)
ToUpperInvariant Method                string ToUpperInvariant()
Trim             Method                string Trim(Params char[] trimChars), string Trim()
TrimEnd          Method                string TrimEnd(Params char[] trimChars)
TrimStart        Method                string TrimStart(Params char[] trimChars)
Chars            ParameterizedProperty char Chars(int index) {get;}
Length           Property              int Length {get;}



PS C:\raju> $myvar.ToUpper()
THIS IS MY OBJECT

PS C:\raju> $myvar.Length
17

PS C:\raju> Get-Service | Get-Member


   TypeName: System.ServiceProcess.ServiceController

Name                      MemberType    Definition
----                      ----------    ----------
Name                      AliasProperty Name = ServiceName
RequiredServices          AliasProperty RequiredServices = ServicesDependedOn
Disposed                  Event         System.EventHandler Disposed(System.Object, System.EventArgs)
Close                     Method        void Close()
Continue                  Method        void Continue()
CreateObjRef              Method        System.Runtime.Remoting.ObjRef CreateObjRef(type requestedType)
Dispose                   Method        void Dispose(), void IDisposable.Dispose()
Equals                    Method        bool Equals(System.Object obj)
ExecuteCommand            Method        void ExecuteCommand(int command)
GetHashCode               Method        int GetHashCode()
GetLifetimeService        Method        System.Object GetLifetimeService()
GetType                   Method        type GetType()
InitializeLifetimeService Method        System.Object InitializeLifetimeService()
Pause                     Method        void Pause()
Refresh                   Method        void Refresh()
Start                     Method        void Start(), void Start(string[] args)
Stop                      Method        void Stop()
WaitForStatus             Method        void WaitForStatus(System.ServiceProcess.ServiceControllerStatus desiredStatus), void WaitForStatus(System.ServicePr...
CanPauseAndContinue       Property      bool CanPauseAndContinue {get;}
CanShutdown               Property      bool CanShutdown {get;}
CanStop                   Property      bool CanStop {get;}
Container                 Property      System.ComponentModel.IContainer Container {get;}
DependentServices         Property      System.ServiceProcess.ServiceController[] DependentServices {get;}
DisplayName               Property      string DisplayName {get;set;}
MachineName               Property      string MachineName {get;set;}
ServiceHandle             Property      System.Runtime.InteropServices.SafeHandle ServiceHandle {get;}
ServiceName               Property      string ServiceName {get;set;}
ServicesDependedOn        Property      System.ServiceProcess.ServiceController[] ServicesDependedOn {get;}
ServiceType               Property      System.ServiceProcess.ServiceType ServiceType {get;}
Site                      Property      System.ComponentModel.ISite Site {get;set;}
StartType                 Property      System.ServiceProcess.ServiceStartMode StartType {get;}
Status                    Property      System.ServiceProcess.ServiceControllerStatus Status {get;}
ToString                  ScriptMethod  System.Object ToString();



PS C:\raju> Get-process | Get-Member


   TypeName: System.Diagnostics.Process

Name                       MemberType     Definition
----                       ----------     ----------
Handles                    AliasProperty  Handles = Handlecount
Name                       AliasProperty  Name = ProcessName
NPM                        AliasProperty  NPM = NonpagedSystemMemorySize
PM                         AliasProperty  PM = PagedMemorySize
VM                         AliasProperty  VM = VirtualMemorySize
WS                         AliasProperty  WS = WorkingSet
Disposed                   Event          System.EventHandler Disposed(System.Object, System.EventArgs)
ErrorDataReceived          Event          System.Diagnostics.DataReceivedEventHandler ErrorDataReceived(System.Object, System.Diagnostics.DataReceivedEventA...
Exited                     Event          System.EventHandler Exited(System.Object, System.EventArgs)
OutputDataReceived         Event          System.Diagnostics.DataReceivedEventHandler OutputDataReceived(System.Object, System.Diagnostics.DataReceivedEvent...
BeginErrorReadLine         Method         void BeginErrorReadLine()
BeginOutputReadLine        Method         void BeginOutputReadLine()
CancelErrorRead            Method         void CancelErrorRead()
CancelOutputRead           Method         void CancelOutputRead()
Close                      Method         void Close()
CloseMainWindow            Method         bool CloseMainWindow()
CreateObjRef               Method         System.Runtime.Remoting.ObjRef CreateObjRef(type requestedType)
Dispose                    Method         void Dispose(), void IDisposable.Dispose()
Equals                     Method         bool Equals(System.Object obj)
GetHashCode                Method         int GetHashCode()
GetLifetimeService         Method         System.Object GetLifetimeService()
GetType                    Method         type GetType()
InitializeLifetimeService  Method         System.Object InitializeLifetimeService()
Kill                       Method         void Kill()
Refresh                    Method         void Refresh()
Start                      Method         bool Start()
ToString                   Method         string ToString()
WaitForExit                Method         bool WaitForExit(int milliseconds), void WaitForExit()
WaitForInputIdle           Method         bool WaitForInputIdle(int milliseconds), bool WaitForInputIdle()
__NounName                 NoteProperty   System.String __NounName=Process
BasePriority               Property       int BasePriority {get;}
Container                  Property       System.ComponentModel.IContainer Container {get;}
EnableRaisingEvents        Property       bool EnableRaisingEvents {get;set;}
ExitCode                   Property       int ExitCode {get;}
ExitTime                   Property       datetime ExitTime {get;}
Handle                     Property       System.IntPtr Handle {get;}
HandleCount                Property       int HandleCount {get;}
HasExited                  Property       bool HasExited {get;}
Id                         Property       int Id {get;}
MachineName                Property       string MachineName {get;}
MainModule                 Property       System.Diagnostics.ProcessModule MainModule {get;}
MainWindowHandle           Property       System.IntPtr MainWindowHandle {get;}
MainWindowTitle            Property       string MainWindowTitle {get;}
MaxWorkingSet              Property       System.IntPtr MaxWorkingSet {get;set;}
MinWorkingSet              Property       System.IntPtr MinWorkingSet {get;set;}
Modules                    Property       System.Diagnostics.ProcessModuleCollection Modules {get;}
NonpagedSystemMemorySize   Property       int NonpagedSystemMemorySize {get;}
NonpagedSystemMemorySize64 Property       long NonpagedSystemMemorySize64 {get;}
PagedMemorySize            Property       int PagedMemorySize {get;}
PagedMemorySize64          Property       long PagedMemorySize64 {get;}
PagedSystemMemorySize      Property       int PagedSystemMemorySize {get;}
PagedSystemMemorySize64    Property       long PagedSystemMemorySize64 {get;}
PeakPagedMemorySize        Property       int PeakPagedMemorySize {get;}
PeakPagedMemorySize64      Property       long PeakPagedMemorySize64 {get;}
PeakVirtualMemorySize      Property       int PeakVirtualMemorySize {get;}
PeakVirtualMemorySize64    Property       long PeakVirtualMemorySize64 {get;}
PeakWorkingSet             Property       int PeakWorkingSet {get;}
PeakWorkingSet64           Property       long PeakWorkingSet64 {get;}
PriorityBoostEnabled       Property       bool PriorityBoostEnabled {get;set;}
PriorityClass              Property       System.Diagnostics.ProcessPriorityClass PriorityClass {get;set;}
PrivateMemorySize          Property       int PrivateMemorySize {get;}
PrivateMemorySize64        Property       long PrivateMemorySize64 {get;}
PrivilegedProcessorTime    Property       timespan PrivilegedProcessorTime {get;}
ProcessName                Property       string ProcessName {get;}
ProcessorAffinity          Property       System.IntPtr ProcessorAffinity {get;set;}
Responding                 Property       bool Responding {get;}
SafeHandle                 Property       Microsoft.Win32.SafeHandles.SafeProcessHandle SafeHandle {get;}
SessionId                  Property       int SessionId {get;}
Site                       Property       System.ComponentModel.ISite Site {get;set;}
StandardError              Property       System.IO.StreamReader StandardError {get;}
StandardInput              Property       System.IO.StreamWriter StandardInput {get;}
StandardOutput             Property       System.IO.StreamReader StandardOutput {get;}
StartInfo                  Property       System.Diagnostics.ProcessStartInfo StartInfo {get;set;}
StartTime                  Property       datetime StartTime {get;}
SynchronizingObject        Property       System.ComponentModel.ISynchronizeInvoke SynchronizingObject {get;set;}
Threads                    Property       System.Diagnostics.ProcessThreadCollection Threads {get;}
TotalProcessorTime         Property       timespan TotalProcessorTime {get;}
UserProcessorTime          Property       timespan UserProcessorTime {get;}
VirtualMemorySize          Property       int VirtualMemorySize {get;}
VirtualMemorySize64        Property       long VirtualMemorySize64 {get;}
WorkingSet                 Property       int WorkingSet {get;}
WorkingSet64               Property       long WorkingSet64 {get;}
PSConfiguration            PropertySet    PSConfiguration {Name, Id, PriorityClass, FileVersion}
PSResources                PropertySet    PSResources {Name, Id, Handlecount, WorkingSet, NonPagedMemorySize, PagedMemorySize, PrivateMemorySize, VirtualMem...
Company                    ScriptProperty System.Object Company {get=$this.Mainmodule.FileVersionInfo.CompanyName;}
CPU                        ScriptProperty System.Object CPU {get=$this.TotalProcessorTime.TotalSeconds;}
Description                ScriptProperty System.Object Description {get=$this.Mainmodule.FileVersionInfo.FileDescription;}
FileVersion                ScriptProperty System.Object FileVersion {get=$this.Mainmodule.FileVersionInfo.FileVersion;}
Path                       ScriptProperty System.Object Path {get=$this.Mainmodule.FileName;}
Product                    ScriptProperty System.Object Product {get=$this.Mainmodule.FileVersionInfo.ProductName;}
ProductVersion             ScriptProperty System.Object ProductVersion {get=$this.Mainmodule.FileVersionInfo.ProductVersion;}



PS C:\raju> [System.Diagnostics.Process]

IsPublic IsSerial Name                                     BaseType
-------- -------- ----                                     --------
True     False    Process                                  System.ComponentModel.Component



PS C:\raju> Get-ChildItem | Get-Member


   TypeName: System.IO.FileInfo

Name                      MemberType     Definition
----                      ----------     ----------
Mode                      CodeProperty   System.String Mode{get=Mode;}
AppendText                Method         System.IO.StreamWriter AppendText()
CopyTo                    Method         System.IO.FileInfo CopyTo(string destFileName), System.IO.FileInfo CopyTo(string destFileName, bool overwrite)
Create                    Method         System.IO.FileStream Create()
CreateObjRef              Method         System.Runtime.Remoting.ObjRef CreateObjRef(type requestedType)
CreateText                Method         System.IO.StreamWriter CreateText()
Decrypt                   Method         void Decrypt()
Delete                    Method         void Delete()
Encrypt                   Method         void Encrypt()
Equals                    Method         bool Equals(System.Object obj)
GetAccessControl          Method         System.Security.AccessControl.FileSecurity GetAccessControl(), System.Security.AccessControl.FileSecurity GetAccess...
GetHashCode               Method         int GetHashCode()
GetLifetimeService        Method         System.Object GetLifetimeService()
GetObjectData             Method         void GetObjectData(System.Runtime.Serialization.SerializationInfo info, System.Runtime.Serialization.StreamingConte...
GetType                   Method         type GetType()
InitializeLifetimeService Method         System.Object InitializeLifetimeService()
MoveTo                    Method         void MoveTo(string destFileName)
Open                      Method         System.IO.FileStream Open(System.IO.FileMode mode), System.IO.FileStream Open(System.IO.FileMode mode, System.IO.Fi...
OpenRead                  Method         System.IO.FileStream OpenRead()
OpenText                  Method         System.IO.StreamReader OpenText()
OpenWrite                 Method         System.IO.FileStream OpenWrite()
Refresh                   Method         void Refresh()
Replace                   Method         System.IO.FileInfo Replace(string destinationFileName, string destinationBackupFileName), System.IO.FileInfo Replac...
SetAccessControl          Method         void SetAccessControl(System.Security.AccessControl.FileSecurity fileSecurity)
ToString                  Method         string ToString()
PSChildName               NoteProperty   System.String PSChildName=recovery
PSDrive                   NoteProperty   System.Management.Automation.PSDriveInfo PSDrive=C
PSIsContainer             NoteProperty   System.Boolean PSIsContainer=False
PSParentPath              NoteProperty   System.String PSParentPath=Microsoft.PowerShell.Core\FileSystem::C:\raju
PSPath                    NoteProperty   System.String PSPath=Microsoft.PowerShell.Core\FileSystem::C:\raju\recovery
PSProvider                NoteProperty   System.Management.Automation.ProviderInfo PSProvider=Microsoft.PowerShell.Core\FileSystem
Attributes                Property       System.IO.FileAttributes Attributes {get;set;}
CreationTime              Property       datetime CreationTime {get;set;}
CreationTimeUtc           Property       datetime CreationTimeUtc {get;set;}
Directory                 Property       System.IO.DirectoryInfo Directory {get;}
DirectoryName             Property       string DirectoryName {get;}
Exists                    Property       bool Exists {get;}
Extension                 Property       string Extension {get;}
FullName                  Property       string FullName {get;}
IsReadOnly                Property       bool IsReadOnly {get;set;}
LastAccessTime            Property       datetime LastAccessTime {get;set;}
LastAccessTimeUtc         Property       datetime LastAccessTimeUtc {get;set;}
LastWriteTime             Property       datetime LastWriteTime {get;set;}
LastWriteTimeUtc          Property       datetime LastWriteTimeUtc {get;set;}
Length                    Property       long Length {get;}
Name                      Property       string Name {get;}
BaseName                  ScriptProperty System.Object BaseName {get=if ($this.Extension.Length -gt 0){$this.Name.Remove($this.Name.Length - $this.Extension...
VersionInfo               ScriptProperty System.Object VersionInfo {get=[System.Diagnostics.FileVersionInfo]::GetVersionInfo($this.FullName);}



PS C:\raju> $strmyvar

PS C:\raju> $strmyvar="This is my Object"

PS C:\raju> $strmyvar
This is my Object

PS C:\raju> $strmyvar| Get-Member


   TypeName: System.String

Name             MemberType            Definition
----             ----------            ----------
Clone            Method                System.Object Clone(), System.Object ICloneable.Clone()
CompareTo        Method                int CompareTo(System.Object value), int CompareTo(string strB), int IComparable.CompareTo(System.Object obj), int ICo...
Contains         Method                bool Contains(string value)
CopyTo           Method                void CopyTo(int sourceIndex, char[] destination, int destinationIndex, int count)
EndsWith         Method                bool EndsWith(string value), bool EndsWith(string value, System.StringComparison comparisonType), bool EndsWith(strin...
Equals           Method                bool Equals(System.Object obj), bool Equals(string value), bool Equals(string value, System.StringComparison comparis...
GetEnumerator    Method                System.CharEnumerator GetEnumerator(), System.Collections.IEnumerator IEnumerable.GetEnumerator(), System.Collections...
GetHashCode      Method                int GetHashCode()
GetType          Method                type GetType()
GetTypeCode      Method                System.TypeCode GetTypeCode(), System.TypeCode IConvertible.GetTypeCode()
IndexOf          Method                int IndexOf(char value), int IndexOf(char value, int startIndex), int IndexOf(char value, int startIndex, int count),...
IndexOfAny       Method                int IndexOfAny(char[] anyOf), int IndexOfAny(char[] anyOf, int startIndex), int IndexOfAny(char[] anyOf, int startInd...
Insert           Method                string Insert(int startIndex, string value)
IsNormalized     Method                bool IsNormalized(), bool IsNormalized(System.Text.NormalizationForm normalizationForm)
LastIndexOf      Method                int LastIndexOf(char value), int LastIndexOf(char value, int startIndex), int LastIndexOf(char value, int startIndex,...
LastIndexOfAny   Method                int LastIndexOfAny(char[] anyOf), int LastIndexOfAny(char[] anyOf, int startIndex), int LastIndexOfAny(char[] anyOf, ...
Normalize        Method                string Normalize(), string Normalize(System.Text.NormalizationForm normalizationForm)
PadLeft          Method                string PadLeft(int totalWidth), string PadLeft(int totalWidth, char paddingChar)
PadRight         Method                string PadRight(int totalWidth), string PadRight(int totalWidth, char paddingChar)
Remove           Method                string Remove(int startIndex, int count), string Remove(int startIndex)
Replace          Method                string Replace(char oldChar, char newChar), string Replace(string oldValue, string newValue)
Split            Method                string[] Split(Params char[] separator), string[] Split(char[] separator, int count), string[] Split(char[] separator...
StartsWith       Method                bool StartsWith(string value), bool StartsWith(string value, System.StringComparison comparisonType), bool StartsWith...
Substring        Method                string Substring(int startIndex), string Substring(int startIndex, int length)
ToBoolean        Method                bool IConvertible.ToBoolean(System.IFormatProvider provider)
ToByte           Method                byte IConvertible.ToByte(System.IFormatProvider provider)
ToChar           Method                char IConvertible.ToChar(System.IFormatProvider provider)
ToCharArray      Method                char[] ToCharArray(), char[] ToCharArray(int startIndex, int length)
ToDateTime       Method                datetime IConvertible.ToDateTime(System.IFormatProvider provider)
ToDecimal        Method                decimal IConvertible.ToDecimal(System.IFormatProvider provider)
ToDouble         Method                double IConvertible.ToDouble(System.IFormatProvider provider)
ToInt16          Method                int16 IConvertible.ToInt16(System.IFormatProvider provider)
ToInt32          Method                int IConvertible.ToInt32(System.IFormatProvider provider)
ToInt64          Method                long IConvertible.ToInt64(System.IFormatProvider provider)
ToLower          Method                string ToLower(), string ToLower(cultureinfo culture)
ToLowerInvariant Method                string ToLowerInvariant()
ToSByte          Method                sbyte IConvertible.ToSByte(System.IFormatProvider provider)
ToSingle         Method                float IConvertible.ToSingle(System.IFormatProvider provider)
ToString         Method                string ToString(), string ToString(System.IFormatProvider provider), string IConvertible.ToString(System.IFormatProvi...
ToType           Method                System.Object IConvertible.ToType(type conversionType, System.IFormatProvider provider)
ToUInt16         Method                uint16 IConvertible.ToUInt16(System.IFormatProvider provider)
ToUInt32         Method                uint32 IConvertible.ToUInt32(System.IFormatProvider provider)
ToUInt64         Method                uint64 IConvertible.ToUInt64(System.IFormatProvider provider)
ToUpper          Method                string ToUpper(), string ToUpper(cultureinfo culture)
ToUpperInvariant Method                string ToUpperInvariant()
Trim             Method                string Trim(Params char[] trimChars), string Trim()
TrimEnd          Method                string TrimEnd(Params char[] trimChars)
TrimStart        Method                string TrimStart(Params char[] trimChars)
Chars            ParameterizedProperty char Chars(int index) {get;}
Length           Property              int Length {get;}



PS C:\raju> $strmyvar| Get-Member ToChar 4
>> TerminatingError(Get-Member): "A positional parameter cannot be found that accepts argument '4'."
Get-Member : A positional parameter cannot be found that accepts argument '4'.
At line:1 char:12
+ $strmyvar| Get-Member ToChar 4
+            ~~~~~~~~~~~~~~~~~~~
    + CategoryInfo          : InvalidArgument: (:) [Get-Member], ParameterBindingException
    + FullyQualifiedErrorId : PositionalParameterNotFound,Microsoft.PowerShell.Commands.GetMemberCommand


PS C:\raju> $strmyvar| ToChar 4
ToChar : The term 'ToChar' is not recognized as the name of a cmdlet, function, script file, or operable program. Check the spelling of the name, or if a path
was included, verify that the path is correct and try again.
At line:1 char:12
+ $strmyvar| ToChar 4
+            ~~~~~~
    + CategoryInfo          : ObjectNotFound: (ToChar:String) [], CommandNotFoundException
    + FullyQualifiedErrorId : CommandNotFoundException


PS C:\raju> $strmyvar| ToChar
ToChar : The term 'ToChar' is not recognized as the name of a cmdlet, function, script file, or operable program. Check the spelling of the name, or if a path
was included, verify that the path is correct and try again.
At line:1 char:12
+ $strmyvar| ToChar
+            ~~~~~~
    + CategoryInfo          : ObjectNotFound: (ToChar:String) [], CommandNotFoundException
    + FullyQualifiedErrorId : CommandNotFoundException


PS C:\raju> $strmyvar ToChar
At line:1 char:11
+ $strmyvar ToChar
+           ~~~~~~
Unexpected token 'ToChar' in expression or statement.
At line:1 char:11
+ $strmyvar ToChar
+           ~~~~~~
Unexpected token 'ToChar' in expression or statement.


    + CategoryInfo          : ParserError: (:) [], ParentContainsErrorRecordException
    + FullyQualifiedErrorId : UnexpectedToken


PS C:\raju> $strmyvar
This is my Object

PS C:\raju> $strmyvar.()
At line:1 char:12
+ $strmyvar.()
+            ~
An expression was expected after '('.
At line:1 char:12
+ $strmyvar.()
+            ~
An expression was expected after '('.


    + CategoryInfo          : ParserError: (:) [], ParentContainsErrorRecordException
    + FullyQualifiedErrorId : ExpectedExpression


PS C:\raju> $strmyvar.GetType()

IsPublic IsSerial Name                                     BaseType
-------- -------- ----                                     --------
True     True     String                                   System.Object



PS C:\raju> $strmyvar.ToChar(4)
Cannot convert argument "provider", with value: "4", for "ToChar" to type "System.IFormatProvider": "Cannot convert the "4" value of type "System.Int32" to
type "System.IFormatProvider"."
At line:1 char:1
+ $strmyvar.ToChar(4)
+ ~~~~~~~~~~~~~~~~~~~
    + CategoryInfo          : NotSpecified: (:) [], MethodException
    + FullyQualifiedErrorId : MethodArgumentConversionInvalidCastArgument


PS C:\raju> $strmyvar.ToChar()
Cannot find an overload for "ToChar" and the argument count: "0".
At line:1 char:1
+ $strmyvar.ToChar()
+ ~~~~~~~~~~~~~~~~~~
    + CategoryInfo          : NotSpecified: (:) [], MethodException
    + FullyQualifiedErrorId : MethodCountCouldNotFindBest


PS C:\raju> $strmyvar.ToChar

OverloadDefinitions
-------------------
char IConvertible.ToChar(System.IFormatProvider provider)




PS C:\raju> $strmyvar| Get-Member


   TypeName: System.String

Name             MemberType            Definition
----             ----------            ----------
Clone            Method                System.Object Clone(), System.Object ICloneable.Clone()
CompareTo        Method                int CompareTo(System.Object value), int CompareTo(string strB), int IComparable.CompareTo(System.Object obj), int ICo...
Contains         Method                bool Contains(string value)
CopyTo           Method                void CopyTo(int sourceIndex, char[] destination, int destinationIndex, int count)
EndsWith         Method                bool EndsWith(string value), bool EndsWith(string value, System.StringComparison comparisonType), bool EndsWith(strin...
Equals           Method                bool Equals(System.Object obj), bool Equals(string value), bool Equals(string value, System.StringComparison comparis...
GetEnumerator    Method                System.CharEnumerator GetEnumerator(), System.Collections.IEnumerator IEnumerable.GetEnumerator(), System.Collections...
GetHashCode      Method                int GetHashCode()
GetType          Method                type GetType()
GetTypeCode      Method                System.TypeCode GetTypeCode(), System.TypeCode IConvertible.GetTypeCode()
IndexOf          Method                int IndexOf(char value), int IndexOf(char value, int startIndex), int IndexOf(char value, int startIndex, int count),...
IndexOfAny       Method                int IndexOfAny(char[] anyOf), int IndexOfAny(char[] anyOf, int startIndex), int IndexOfAny(char[] anyOf, int startInd...
Insert           Method                string Insert(int startIndex, string value)
IsNormalized     Method                bool IsNormalized(), bool IsNormalized(System.Text.NormalizationForm normalizationForm)
LastIndexOf      Method                int LastIndexOf(char value), int LastIndexOf(char value, int startIndex), int LastIndexOf(char value, int startIndex,...
LastIndexOfAny   Method                int LastIndexOfAny(char[] anyOf), int LastIndexOfAny(char[] anyOf, int startIndex), int LastIndexOfAny(char[] anyOf, ...
Normalize        Method                string Normalize(), string Normalize(System.Text.NormalizationForm normalizationForm)
PadLeft          Method                string PadLeft(int totalWidth), string PadLeft(int totalWidth, char paddingChar)
PadRight         Method                string PadRight(int totalWidth), string PadRight(int totalWidth, char paddingChar)
Remove           Method                string Remove(int startIndex, int count), string Remove(int startIndex)
Replace          Method                string Replace(char oldChar, char newChar), string Replace(string oldValue, string newValue)
Split            Method                string[] Split(Params char[] separator), string[] Split(char[] separator, int count), string[] Split(char[] separator...
StartsWith       Method                bool StartsWith(string value), bool StartsWith(string value, System.StringComparison comparisonType), bool StartsWith...
Substring        Method                string Substring(int startIndex), string Substring(int startIndex, int length)
ToBoolean        Method                bool IConvertible.ToBoolean(System.IFormatProvider provider)
ToByte           Method                byte IConvertible.ToByte(System.IFormatProvider provider)
ToChar           Method                char IConvertible.ToChar(System.IFormatProvider provider)
ToCharArray      Method                char[] ToCharArray(), char[] ToCharArray(int startIndex, int length)
ToDateTime       Method                datetime IConvertible.ToDateTime(System.IFormatProvider provider)
ToDecimal        Method                decimal IConvertible.ToDecimal(System.IFormatProvider provider)
ToDouble         Method                double IConvertible.ToDouble(System.IFormatProvider provider)
ToInt16          Method                int16 IConvertible.ToInt16(System.IFormatProvider provider)
ToInt32          Method                int IConvertible.ToInt32(System.IFormatProvider provider)
ToInt64          Method                long IConvertible.ToInt64(System.IFormatProvider provider)
ToLower          Method                string ToLower(), string ToLower(cultureinfo culture)
ToLowerInvariant Method                string ToLowerInvariant()
ToSByte          Method                sbyte IConvertible.ToSByte(System.IFormatProvider provider)
ToSingle         Method                float IConvertible.ToSingle(System.IFormatProvider provider)
ToString         Method                string ToString(), string ToString(System.IFormatProvider provider), string IConvertible.ToString(System.IFormatProvi...
ToType           Method                System.Object IConvertible.ToType(type conversionType, System.IFormatProvider provider)
ToUInt16         Method                uint16 IConvertible.ToUInt16(System.IFormatProvider provider)
ToUInt32         Method                uint32 IConvertible.ToUInt32(System.IFormatProvider provider)
ToUInt64         Method                uint64 IConvertible.ToUInt64(System.IFormatProvider provider)
ToUpper          Method                string ToUpper(), string ToUpper(cultureinfo culture)
ToUpperInvariant Method                string ToUpperInvariant()
Trim             Method                string Trim(Params char[] trimChars), string Trim()
TrimEnd          Method                string TrimEnd(Params char[] trimChars)
TrimStart        Method                string TrimStart(Params char[] trimChars)
Chars            ParameterizedProperty char Chars(int index) {get;}
Length           Property              int Length {get;}



PS C:\raju> $strmyvar.Substring(0,4)
This

PS C:\raju> $strmyvar.Substring(my)
At line:1 char:21
+ $strmyvar.Substring(my)
+                     ~
Missing ')' in method call.

At line:1 char:21
+ $strmyvar.Substring(my)
+                     ~~
Unexpected token 'my' in expression or statement.

At line:1 char:23
+ $strmyvar.Substring(my)
+                       ~
Unexpected token ')' in expression or statement.
At line:1 char:21
+ $strmyvar.Substring(my)
+                     ~
Missing ')' in method call.

At line:1 char:21
+ $strmyvar.Substring(my)
+                     ~~
Unexpected token 'my' in expression or statement.

At line:1 char:23
+ $strmyvar.Substring(my)
+                       ~
Unexpected token ')' in expression or statement.


    + CategoryInfo          : ParserError: (:) [], ParentContainsErrorRecordException
    + FullyQualifiedErrorId : MissingEndParenthesisInMethodCall


PS C:\raju> $strmyvar.ToBoolean(My)
At line:1 char:21
+ $strmyvar.ToBoolean(My)
+                     ~
Missing ')' in method call.

At line:1 char:21
+ $strmyvar.ToBoolean(My)
+                     ~~
Unexpected token 'My' in expression or statement.

At line:1 char:23
+ $strmyvar.ToBoolean(My)
+                       ~
Unexpected token ')' in expression or statement.
At line:1 char:21
+ $strmyvar.ToBoolean(My)
+                     ~
Missing ')' in method call.

At line:1 char:21
+ $strmyvar.ToBoolean(My)
+                     ~~
Unexpected token 'My' in expression or statement.

At line:1 char:23
+ $strmyvar.ToBoolean(My)
+                       ~
Unexpected token ')' in expression or statement.


    + CategoryInfo          : ParserError: (:) [], ParentContainsErrorRecordException
    + FullyQualifiedErrorId : MissingEndParenthesisInMethodCall


PS C:\raju> $strmyvar.ToBoolean(my)
At line:1 char:21
+ $strmyvar.ToBoolean(my)
+                     ~
Missing ')' in method call.

At line:1 char:21
+ $strmyvar.ToBoolean(my)
+                     ~~
Unexpected token 'my' in expression or statement.

At line:1 char:23
+ $strmyvar.ToBoolean(my)
+                       ~
Unexpected token ')' in expression or statement.
At line:1 char:21
+ $strmyvar.ToBoolean(my)
+                     ~
Missing ')' in method call.

At line:1 char:21
+ $strmyvar.ToBoolean(my)
+                     ~~
Unexpected token 'my' in expression or statement.

At line:1 char:23
+ $strmyvar.ToBoolean(my)
+                       ~
Unexpected token ')' in expression or statement.


    + CategoryInfo          : ParserError: (:) [], ParentContainsErrorRecordException
    + FullyQualifiedErrorId : MissingEndParenthesisInMethodCall


PS C:\raju> $strmyvar.Contains(my)
At line:1 char:20
+ $strmyvar.Contains(my)
+                    ~
Missing ')' in method call.

At line:1 char:20
+ $strmyvar.Contains(my)
+                    ~~
Unexpected token 'my' in expression or statement.

At line:1 char:22
+ $strmyvar.Contains(my)
+                      ~
Unexpected token ')' in expression or statement.
At line:1 char:20
+ $strmyvar.Contains(my)
+                    ~
Missing ')' in method call.

At line:1 char:20
+ $strmyvar.Contains(my)
+                    ~~
Unexpected token 'my' in expression or statement.

At line:1 char:22
+ $strmyvar.Contains(my)
+                      ~
Unexpected token ')' in expression or statement.


    + CategoryInfo          : ParserError: (:) [], ParentContainsErrorRecordException
    + FullyQualifiedErrorId : MissingEndParenthesisInMethodCall


PS C:\raju> $strmyvar.Contains(My)
At line:1 char:20
+ $strmyvar.Contains(My)
+                    ~
Missing ')' in method call.

At line:1 char:20
+ $strmyvar.Contains(My)
+                    ~~
Unexpected token 'My' in expression or statement.

At line:1 char:22
+ $strmyvar.Contains(My)
+                      ~
Unexpected token ')' in expression or statement.
At line:1 char:20
+ $strmyvar.Contains(My)
+                    ~
Missing ')' in method call.

At line:1 char:20
+ $strmyvar.Contains(My)
+                    ~~
Unexpected token 'My' in expression or statement.

At line:1 char:22
+ $strmyvar.Contains(My)
+                      ~
Unexpected token ')' in expression or statement.


    + CategoryInfo          : ParserError: (:) [], ParentContainsErrorRecordException
    + FullyQualifiedErrorId : MissingEndParenthesisInMethodCall


PS C:\raju> $strmyvar.Contains("my")
True

PS C:\raju> $Variable:date

PS C:\raju> $Variable get-date
At line:1 char:11
+ $Variable get-date
+           ~~~~~~~~
Unexpected token 'get-date' in expression or statement.
At line:1 char:11
+ $Variable get-date
+           ~~~~~~~~
Unexpected token 'get-date' in expression or statement.


    + CategoryInfo          : ParserError: (:) [], ParentContainsErrorRecordException
    + FullyQualifiedErrorId : UnexpectedToken


PS C:\raju> $Variable | get-date
get-date : The input object cannot be bound to any parameters for the command either because the command does not take pipeline input or the input and its
properties do not match any of the parameters that take pipeline input.
At line:1 char:13
+ $Variable | get-date
+             ~~~~~~~~
    + CategoryInfo          : InvalidArgument: (:) [Get-Date], ParameterBindingException
    + FullyQualifiedErrorId : InputObjectNotBound,Microsoft.PowerShell.Commands.GetDateCommand


PS C:\raju> $date | Get-Member
Get-Member : You must specify an object for the Get-Member cmdlet.
At line:1 char:9
+ $date | Get-Member
+         ~~~~~~~~~~
    + CategoryInfo          : CloseError: (:) [Get-Member], InvalidOperationException
    + FullyQualifiedErrorId : NoObjectInGetMember,Microsoft.PowerShell.Commands.GetMemberCommand


PS C:\raju> $date Get-Member
At line:1 char:7
+ $date Get-Member
+       ~~~~~~~~~~
Unexpected token 'Get-Member' in expression or statement.
At line:1 char:7
+ $date Get-Member
+       ~~~~~~~~~~
Unexpected token 'Get-Member' in expression or statement.


    + CategoryInfo          : ParserError: (:) [], ParentContainsErrorRecordException
    + FullyQualifiedErrorId : UnexpectedToken


PS C:\raju> $mydate=Get-Date

PS C:\raju> date

20 October 2018 03:38:00 PM



PS C:\raju> $date=get-date

PS C:\raju> $date

20 October 2018 03:38:41 PM



PS C:\raju> $date get-member
At line:1 char:7
+ $date get-member
+       ~~~~~~~~~~
Unexpected token 'get-member' in expression or statement.
At line:1 char:7
+ $date get-member
+       ~~~~~~~~~~
Unexpected token 'get-member' in expression or statement.


    + CategoryInfo          : ParserError: (:) [], ParentContainsErrorRecordException
    + FullyQualifiedErrorId : UnexpectedToken


PS C:\raju> $date | get-member


   TypeName: System.DateTime

Name                 MemberType     Definition
----                 ----------     ----------
Add                  Method         datetime Add(timespan value)
AddDays              Method         datetime AddDays(double value)
AddHours             Method         datetime AddHours(double value)
AddMilliseconds      Method         datetime AddMilliseconds(double value)
AddMinutes           Method         datetime AddMinutes(double value)
AddMonths            Method         datetime AddMonths(int months)
AddSeconds           Method         datetime AddSeconds(double value)
AddTicks             Method         datetime AddTicks(long value)
AddYears             Method         datetime AddYears(int value)
CompareTo            Method         int CompareTo(System.Object value), int CompareTo(datetime value), int IComparable.CompareTo(System.Object obj), int ICo...
Equals               Method         bool Equals(System.Object value), bool Equals(datetime value), bool IEquatable[datetime].Equals(datetime other)
GetDateTimeFormats   Method         string[] GetDateTimeFormats(), string[] GetDateTimeFormats(System.IFormatProvider provider), string[] GetDateTimeFormats...
GetHashCode          Method         int GetHashCode()
GetObjectData        Method         void ISerializable.GetObjectData(System.Runtime.Serialization.SerializationInfo info, System.Runtime.Serialization.Strea...
GetType              Method         type GetType()
GetTypeCode          Method         System.TypeCode GetTypeCode(), System.TypeCode IConvertible.GetTypeCode()
IsDaylightSavingTime Method         bool IsDaylightSavingTime()
Subtract             Method         timespan Subtract(datetime value), datetime Subtract(timespan value)
ToBinary             Method         long ToBinary()
ToBoolean            Method         bool IConvertible.ToBoolean(System.IFormatProvider provider)
ToByte               Method         byte IConvertible.ToByte(System.IFormatProvider provider)
ToChar               Method         char IConvertible.ToChar(System.IFormatProvider provider)
ToDateTime           Method         datetime IConvertible.ToDateTime(System.IFormatProvider provider)
ToDecimal            Method         decimal IConvertible.ToDecimal(System.IFormatProvider provider)
ToDouble             Method         double IConvertible.ToDouble(System.IFormatProvider provider)
ToFileTime           Method         long ToFileTime()
ToFileTimeUtc        Method         long ToFileTimeUtc()
ToInt16              Method         int16 IConvertible.ToInt16(System.IFormatProvider provider)
ToInt32              Method         int IConvertible.ToInt32(System.IFormatProvider provider)
ToInt64              Method         long IConvertible.ToInt64(System.IFormatProvider provider)
ToLocalTime          Method         datetime ToLocalTime()
ToLongDateString     Method         string ToLongDateString()
ToLongTimeString     Method         string ToLongTimeString()
ToOADate             Method         double ToOADate()
ToSByte              Method         sbyte IConvertible.ToSByte(System.IFormatProvider provider)
ToShortDateString    Method         string ToShortDateString()
ToShortTimeString    Method         string ToShortTimeString()
ToSingle             Method         float IConvertible.ToSingle(System.IFormatProvider provider)
ToString             Method         string ToString(), string ToString(string format), string ToString(System.IFormatProvider provider), string ToString(str...
ToType               Method         System.Object IConvertible.ToType(type conversionType, System.IFormatProvider provider)
ToUInt16             Method         uint16 IConvertible.ToUInt16(System.IFormatProvider provider)
ToUInt32             Method         uint32 IConvertible.ToUInt32(System.IFormatProvider provider)
ToUInt64             Method         uint64 IConvertible.ToUInt64(System.IFormatProvider provider)
ToUniversalTime      Method         datetime ToUniversalTime()
DisplayHint          NoteProperty   Microsoft.PowerShell.Commands.DisplayHintType DisplayHint=DateTime
Date                 Property       datetime Date {get;}
Day                  Property       int Day {get;}
DayOfWeek            Property       System.DayOfWeek DayOfWeek {get;}
DayOfYear            Property       int DayOfYear {get;}
Hour                 Property       int Hour {get;}
Kind                 Property       System.DateTimeKind Kind {get;}
Millisecond          Property       int Millisecond {get;}
Minute               Property       int Minute {get;}
Month                Property       int Month {get;}
Second               Property       int Second {get;}
Ticks                Property       long Ticks {get;}
TimeOfDay            Property       timespan TimeOfDay {get;}
Year                 Property       int Year {get;}
DateTime             ScriptProperty System.Object DateTime {get=if ((& { Set-StrictMode -Version 1; $this.DisplayHint }) -ieq  "Date")...



PS C:\raju> Get-Help Get-Date -Examples

NAME
    Get-Date

SYNOPSIS
    Gets the current date and time.

    -------------------------- EXAMPLE 1 --------------------------

    PS C:\>Get-Date -DisplayHint Date
    Tuesday, June 13, 2006


    This command gets a DateTime object, but it displays only the date. It uses the DisplayHint parameter to indicate that only the date is to be displayed.
    -------------------------- EXAMPLE 2 --------------------------

    PS C:\>Get-Date -Format g
    6/13/2006 12:43 PM


    This command gets the current date and time and formats it in short-date and short-time format. It uses the .NET Framework "g" format specifier (General
    [short date and short time]) to specify the format.
    -------------------------- EXAMPLE 3 --------------------------

    PS C:\>Get-Date -UFormat "%Y / %m / %d / %A / %Z"
    2006 / 06 / 13 / Tuesday / -07


    This command gets the current date and time and formats it as specified by the command. In this case, the format includes the full year (%Y), the
    two-digit numeric month (%m), the date (%d), the full day of the week (%A), and the offset from UTC ("Zulu").
    -------------------------- EXAMPLE 4 --------------------------

    PS C:\>(Get-Date -Year 2000 -Month 12 -Day 31).DayOfYear
    366


    This command displays the day of the year for the current date. For example, December 31 is the 365th day of 2006, but it is the 366th day of 2000.
    -------------------------- EXAMPLE 5 --------------------------

    PS C:\>$a = Get-Date
    PS C:\>$a.IsDaylightSavingTime()
    True


    These commands tell you whether the current date and time are adjusted for daylight savings time in the current locale.

    The first command creates a variable named $a and then assigns the object retrieved by Get-Date to the $a variable. Then, it uses the IsDaylightSavingTime
    method on the object in $a.

    To see the properties and methods of the DateTime object, type:

    "Get-Date | get-member".
    -------------------------- EXAMPLE 6 --------------------------

    PS C:\>$a = Get-Date
    PS C:\>$a.ToUniversalTime()
    Tuesday, June 13, 2006 8:09:19 PM


    These commands convert the current date and time to UTC time.

    The first command creates a variable named $a and then assigns the object retrieved by Get-Date to the $a variable. Then, it uses the ToUniversalTime
    method on the object in $a.
    -------------------------- EXAMPLE 7 --------------------------

    PS C:\>$a = Get-WmiObject Win32_Bios -Computer Server01
    PS C:\>$a | Format-List -Property Name, @{Label="BIOS Age";Expression={(Get-Date) - $_.ConvertToDateTime($_.ReleaseDate)}}
    Name     : Default System BIOS
    BIOS Age : 1345.17:31:07.1091047


    Windows Management Instrumentation (WMI) uses a different date-time object than the .NET Framework date-time object that Get-Date returns. To use
    date-time information from WMI in a command with date-time information from Get-Date, you have to use the ConvertToDateTime method to convert WMI
    CIM_DATETIME objects to .NET Framework DateTime objects.

    The commands in this example display the name and age of the BIOS on a remote computer, Server01.

    The first command uses the Get-WmiObject cmdlet to get an instance of the Win32_BIOS class on Server01 and then stores it in the $a variable.

    The second command uses the pipeline operator (|) to send the WMI object stored in $a to the Format-List cmdlet. The Property parameter of Format-List
    specifies two properties to display in the list, "Name" and "BIOS Age". The "BIOS Age" property is specified in a hash table. The table includes the Label
    key, which specifies the name of the property, and the Expression key, which contains the expression that calculates the BIOS age. The expression uses the
    ConvertToDateTime method to convert each instance of ReleaseDate to a .NET Framework DateTime object. Then, the value is subtracted from the value of the
    Get-Date cmdlet, which, without parameters, gets the current date.

    The backtick character (`) is the line continuation character in Windows PowerShell.
    -------------------------- EXAMPLE 8 --------------------------

    PS C:\>Get-Date
    Tuesday, June 13, 2006 12:43:42 PM


    This command gets a DateTime object and displays the current date and time in the long date and long time formats for the system locale, as though you
    typed "Get-Date -Format F".
    -------------------------- EXAMPLE 9 --------------------------

    PS C:\>Get-Date
    Tuesday, September 26, 2006 11:25:31 AM

    PS C:\>(Get-Date).ToString()
    9/26/2006 11:25:31 AM

    PS C:\>Get-Date | Add-Content Test.txt

    # Adds 9/26/2006 11:25:31 AM

    PS C:\>Get-Date -Format F | Add-Content Test.txt

    # Adds Tuesday, September 26, 2006 11:25:31 AM


    These commands demonstrate how to use Get-Date with Add-Content and other cmdlets that convert the DateTime object that Get-Date generates to a string.

    The first command shows that the default display from a "Get-Date" command is in long-date and long-time format.

    The second command shows that the default display from the ToString() method of the DateTime object is in short-date and short-time format.

    The third command uses a pipeline operator to send the DateTime object to the Add-Content cmdlet, which adds the content to the Test.txt file. Because
    Add-Content uses the ToString() method of the DateTime object, the date that is added is in short-date and short-time format.

    The fourth command uses the Format parameter of Get-Date to specify the format. When you use the Format or UFormat parameters, Get-Date generates a
    string, not a DateTime object. Then, when you send the string to Add-Content, it adds the string to the Test.txt file without changing it.
    -------------------------- EXAMPLE 10 --------------------------

    The first command uses the Format parameter with a value of "o" to generate a timestamp string.
    PS C:\>Get-Date -Format o
    2012-03-08T10:55:55.6083839-08:00

    The second command prepares the timestamp to be used in a directory name. The command replaces the colon characters (:) in the string with dots (.) and
    saves the result in the $timestamp variable. Replacing the colons prevents the characters that precede each colon from being interpreted as a drive name.
    PS C:\>$timestamp = Get-Date -Format o | foreach {$_ -replace ":", "."}

    The third command uses the Mkdir function to create a directory with the name in the $timestamp variable.
    PS C:\>mkdir C:\ps-test\$timestamp
        Directory: C:\ps-test

    Mode                LastWriteTime     Length Name
    ----                -------------     ------ ----
    d----          3/8/2012  11:01 AM            2012-03-08T11.00.24.4192623-08.00


    This example shows how to use the Get-Date cmdlet to create a timestamp and how to use the timestamp in or as part of a directory name.




PS C:\raju> Get-date -UFormat
>> TerminatingError(Get-Date): "Missing an argument for parameter 'UFormat'. Specify a parameter of type 'System.String' and try again."
Get-Date : Missing an argument for parameter 'UFormat'. Specify a parameter of type 'System.String' and try again.
At line:1 char:10
+ Get-date -UFormat
+          ~~~~~~~~
    + CategoryInfo          : InvalidArgument: (:) [Get-Date], ParameterBindingException
    + FullyQualifiedErrorId : MissingArgument,Microsoft.PowerShell.Commands.GetDateCommand


PS C:\raju> Get-date -UFormat "%YY-%M-%D"
2018Y-47-10-20-18

PS C:\raju> Get-date -UFormat "%Y-%M-%D"
2018-47-10-20-18

PS C:\raju> Get-date -UFormat "%Y-%m-%d"
2018-10-20

PS C:\raju> $myavar Get-Service
At line:1 char:9
+ $myavar Get-Service
+         ~~~~~~~~~~~
Unexpected token 'Get-Service' in expression or statement.
At line:1 char:9
+ $myavar Get-Service
+         ~~~~~~~~~~~
Unexpected token 'Get-Service' in expression or statement.


    + CategoryInfo          : ParserError: (:) [], ParentContainsErrorRecordException
    + FullyQualifiedErrorId : UnexpectedToken


PS C:\raju> $myavar $service Get-Service
At line:1 char:9
+ $myavar $service Get-Service
+         ~~~~~~~~
Unexpected token '$service' in expression or statement.

At line:1 char:18
+ $myavar $service Get-Service
+                  ~~~~~~~~~~~
Unexpected token 'Get-Service' in expression or statement.
At line:1 char:9
+ $myavar $service Get-Service
+         ~~~~~~~~
Unexpected token '$service' in expression or statement.

At line:1 char:18
+ $myavar $service Get-Service
+                  ~~~~~~~~~~~
Unexpected token 'Get-Service' in expression or statement.


    + CategoryInfo          : ParserError: (:) [], ParentContainsErrorRecordException
    + FullyQualifiedErrorId : UnexpectedToken


PS C:\raju> $myavar Get-Service
At line:1 char:9
+ $myavar Get-Service
+         ~~~~~~~~~~~
Unexpected token 'Get-Service' in expression or statement.
At line:1 char:9
+ $myavar Get-Service
+         ~~~~~~~~~~~
Unexpected token 'Get-Service' in expression or statement.


    + CategoryInfo          : ParserError: (:) [], ParentContainsErrorRecordException
    + FullyQualifiedErrorId : UnexpectedToken


PS C:\raju> Get-Service

Status   Name               DisplayName
------   ----               -----------
Running  AdobeARMservice    Adobe Acrobat Update Service
Stopped  AeLookupSvc        Application Experience
Stopped  ALG                Application Layer Gateway Service
Running  AnyDesk            AnyDesk Service
Stopped  AppIDSvc           Application Identity
Stopped  Appinfo            Application Information
Stopped  AppMgmt            Application Management
Stopped  AppReadiness       App Readiness
Stopped  AppXSvc            AppX Deployment Service (AppXSVC)
Running  AudioEndpointBu... Windows Audio Endpoint Builder
Running  Audiosrv           Windows Audio
Stopped  AxInstSV           ActiveX Installer (AxInstSV)
Running  AzureADConnectA... Microsoft Azure AD Connect Agent Up...
Running  AzureADConnectA... Microsoft Azure AD Connect Authenti...
Stopped  BDESVC             BitLocker Drive Encryption Service
Running  BFE                Base Filtering Engine
Running  BITS               Background Intelligent Transfer Ser...
Running  BrokerInfrastru... Background Tasks Infrastructure Ser...
Running  Browser            Computer Browser
Stopped  BthHFSrv           Bluetooth Handsfree Service
Stopped  bthserv            Bluetooth Support Service
Stopped  CertPropSvc        Certificate Propagation
Stopped  COMSysApp          COM+ System Application
Stopped  cphs               Intel(R) Content Protection HECI Se...
Running  CryptSvc           Cryptographic Services
Stopped  CscService         Offline Files
Running  DcomLaunch         DCOM Server Process Launcher
Stopped  defragsvc          Optimise drives
Running  DeviceAssociati... Device Association Service
Stopped  DeviceInstall      Device Install Service
Running  Dhcp               DHCP Client
Running  DiagTrack          Diagnostics Tracking Service
Running  Dnscache           DNS Client
Stopped  dot3svc            Wired AutoConfig
Running  DPS                Diagnostic Policy Service
Stopped  DsmSvc             Device Setup Manager
Stopped  Eaphost            Extensible Authentication Protocol
Stopped  EFS                Encrypting File System (EFS)
Running  EventLog           Windows Event Log
Running  EventSystem        COM+ Event System
Stopped  Fax                Fax
Stopped  fdPHost            Function Discovery Provider Host
Stopped  FDResPub           Function Discovery Resource Publica...
Stopped  fhsvc              File History Service
Running  FontCache          Windows Font Cache Service
Running  gpsvc              Group Policy Client
Stopped  gupdate            Google Update Service (gupdate)
Stopped  gupdatem           Google Update Service (gupdatem)
Stopped  gusvc              Google Software Updater
Running  hidserv            Human Interface Device Service
Stopped  hkmsvc             Health Key and Certificate Management
Stopped  HomeGroupListener  HomeGroup Listener
Stopped  HomeGroupProvider  HomeGroup Provider
Running  IAStorDataMgrSvc   Intel(R) Rapid Storage Technology
Stopped  IEEtwCollectorS... Internet Explorer ETW Collector Ser...
Running  igfxCUIService2... Intel(R) HD Graphics Control Panel ...
Running  IKEEXT             IKE and AuthIP IPsec Keying Modules
Running  Intel(R) PROSet... Intel(R) PROSet Monitoring Service
Running  iphlpsvc           IP Helper
Running  KeyIso             CNG Key Isolation
Stopped  KtmRm              KtmRm for Distributed Transaction C...
Running  LanmanServer       Server
Running  LanmanWorkstation  Workstation
Stopped  lfsvc              Windows Location Framework Service
Stopped  lltdsvc            Link-Layer Topology Discovery Mapper
Running  lmhosts            TCP/IP NetBIOS Helper
Running  LSM                Local Session Manager
Stopped  Microsoft Offic... Microsoft Office Groove Audit Service
Stopped  MMCSS              Multimedia Class Scheduler
Running  MpsSvc             Windows Firewall
Stopped  MSDTC              Distributed Transaction Coordinator
Stopped  MSiSCSI            Microsoft iSCSI Initiator Service
Stopped  msiserver          Windows Installer
Stopped  MsKeyboardFilter   Microsoft Keyboard Filter
Running  msoidsvc           Microsoft Online Services Sign-in A...
Running  MVMCP2VAgent       Microsoft Virtual Machine Converter...
Stopped  napagent           Network Access Protection Agent
Stopped  NcaSvc             Network Connectivity Assistant
Running  NcbService         Network Connection Broker
Stopped  NcdAutoSetup       Network Connected Devices Auto-Setup
Stopped  Netlogon           Netlogon
Running  Netman             Network Connections
Running  netprofm           Network List Service
Stopped  NetTcpPortSharing  NetTcpPortSharing
Running  NlaSvc             Network Location Awareness
Running  nsi                Network Store Interface Service
Stopped  odserv             Microsoft Office Diagnostics Service
Stopped  ose                Office Source Engine
Stopped  p2pimsvc           Peer Networking Identity Manager
Stopped  p2psvc             Peer Networking Grouping
Running  PassThru Service   Internet Pass-Through Service
Running  PcaSvc             Program Compatibility Assistant Ser...
Stopped  PeerDistSvc        BranchCache
Stopped  PerfHost           Performance Counter DLL Host
Stopped  pla                Performance Logs & Alerts
Running  PlugPlay           Plug and Play
Stopped  PNRPAutoReg        PNRP Machine Name Publication Service
Stopped  PNRPsvc            Peer Name Resolution Protocol
Running  PolicyAgent        IPsec Policy Agent
Running  Power              Power
Stopped  PrintNotify        Printer Extensions and Notifications
Running  ProfSvc            User Profile Service
Stopped  QWAVE              Quality Windows Audio Video Experience
Stopped  RasAuto            Remote Access Auto Connection Manager
Stopped  RasMan             Remote Access Connection Manager
Stopped  RemoteAccess       Routing and Remote Access
Stopped  RemoteRegistry     Remote Registry
Stopped  rpcapd             Remote Packet Capture Protocol v.0 ...
Running  RpcEptMapper       RPC Endpoint Mapper
Stopped  RpcLocator         Remote Procedure Call (RPC) Locator
Running  RpcSs              Remote Procedure Call (RPC)
Running  SamSs              Security Accounts Manager
Stopped  SCardSvr           Smart Card
Stopped  ScDeviceEnum       Smart Card Device Enumeration Service
Running  Schedule           Task Scheduler
Stopped  SCPolicySvc        Smart Card Removal Policy
Running  seclogon           Secondary Log-on
Running  SENS               System Event Notification Service
Stopped  SensrSvc           Sensor Monitoring Service
Stopped  SessionEnv         Remote Desktop Configuration
Stopped  SharedAccess       Internet Connection Sharing (ICS)
Running  ShellHWDetection   Shell Hardware Detection
Stopped  smphost            Microsoft Storage Spaces SMP
Stopped  SNMPTRAP           SNMP Trap
Running  Spooler            Print Spooler
Stopped  sppsvc             Software Protection
Running  SQLWriter          SQL Server VSS Writer
Running  SSDPSRV            SSDP Discovery
Stopped  SstpSvc            Secure Socket Tunneling Protocol Se...
Running  stisvc             Windows Image Acquisition (WIA)
Stopped  StorSvc            Storage Service
Stopped  svsvc              Spot Verifier
Stopped  swprv              Microsoft Software Shadow Copy Prov...
Running  SysMain            Superfetch
Running  SystemEventsBroker System Events Broker
Stopped  TabletInputService Touch Keyboard and Handwriting Pane...
Stopped  TapiSrv            Telephony
Running  TeamViewer         TeamViewer 13
Stopped  TermService        Remote Desktop Services
Running  Themes             Themes
Stopped  THREADORDER        Thread Ordering Server
Running  TimeBroker         Time Broker
Running  TrkWks             Distributed Link Tracking Client
Stopped  TrustedInstaller   Windows Modules Installer
Stopped  UI0Detect          Interactive Services Detection
Stopped  UmRdpService       Remote Desktop Services UserMode Po...
Running  upnphost           UPnP Device Host
Stopped  uSHAREitSvc        SHAREit Hotspot Service
Stopped  VaultSvc           Credential Manager
Stopped  vds                Virtual Disk
Running  VMAuthdService     VMware Authorization Service
Stopped  vmicguestinterface Hyper-V Guest Service Interface
Stopped  vmicheartbeat      Hyper-V Heartbeat Service
Stopped  vmickvpexchange    Hyper-V Data Exchange Service
Stopped  vmicrdv            Hyper-V Remote Desktop Virtualizati...
Stopped  vmicshutdown       Hyper-V Guest Shutdown Service
Stopped  vmictimesync       Hyper-V Time Synchronization Service
Stopped  vmicvss            Hyper-V Volume Shadow Copy Requestor
Stopped  VMnetDHCP          VMware DHCP Service
Running  VMUSBArbService    VMware USB Arbitration Service
Running  VMware NAT Service VMware NAT Service
Running  VMwareHostd        VMware Workstation Server
Stopped  VSS                Volume Shadow Copy
Stopped  W32Time            Windows Time
Stopped  wbengine           Block Level Backup Engine Service
Stopped  WbioSrvc           Windows Biometric Service
Running  Wcmsvc             Windows Connection Manager
Stopped  wcncsvc            Windows Connect Now - Config Registrar
Stopped  WcsPlugInService   Windows Colour System
Running  WdiServiceHost     Diagnostic Service Host
Stopped  WdiSystemHost      Diagnostic System Host
Stopped  WdNisSvc           Windows Defender Network Inspection...
Stopped  WebClient          WebClient
Stopped  Wecsvc             Windows Event Collector
Stopped  WEPHOSTSVC         Windows Encryption Provider Host Se...
Stopped  wercplsupport      Problem Reports and Solutions Contr...
Stopped  WerSvc             Windows Error Reporting Service
Stopped  WiaRpc             Still Image Acquisition Events
Stopped  WinDefend          Windows Defender Service
Stopped  WinHttpAutoProx... WinHTTP Web Proxy Auto-Discovery Se...
Running  Winmgmt            Windows Management Instrumentation
Stopped  WinRM              Windows Remote Management (WS-Manag...
Stopped  WlanSvc            WLAN AutoConfig
Stopped  wlidsvc            Microsoft Account Sign-in Assistant
Stopped  wmiApSrv           WMI Performance Adapter
Running  WMPNetworkSvc      Windows Media Player Network Sharin...
Stopped  workfolderssvc     Work Folders
Stopped  WPCSvc             Family Safety
Stopped  WPDBusEnum         Portable Device Enumerator Service
Running  wscsvc             Security Center
Running  WSearch            Windows Search
Stopped  WSService          Windows Store Service (WSService)
Stopped  wuauserv           Windows Update
Running  wudfsvc            Windows Driver Foundation - User-mo...
Stopped  WwanSvc            WWAN AutoConfig



PS C:\raju> $myavar=$service

PS C:\raju> $myavar=$date

PS C:\raju> $service

PS C:\raju> $myavar=$service Get-Service
At line:1 char:18
+ $myavar=$service Get-Service
+                  ~~~~~~~~~~~
Unexpected token 'Get-Service' in expression or statement.
At line:1 char:18
+ $myavar=$service Get-Service
+                  ~~~~~~~~~~~
Unexpected token 'Get-Service' in expression or statement.


    + CategoryInfo          : ParserError: (:) [], ParentContainsErrorRecordException
    + FullyQualifiedErrorId : UnexpectedToken


PS C:\raju> $service

PS C:\raju> Get-Service

Status   Name               DisplayName
------   ----               -----------
Running  AdobeARMservice    Adobe Acrobat Update Service
Stopped  AeLookupSvc        Application Experience
Stopped  ALG                Application Layer Gateway Service
Running  AnyDesk            AnyDesk Service
Stopped  AppIDSvc           Application Identity
Stopped  Appinfo            Application Information
Stopped  AppMgmt            Application Management
Stopped  AppReadiness       App Readiness
Stopped  AppXSvc            AppX Deployment Service (AppXSVC)
Running  AudioEndpointBu... Windows Audio Endpoint Builder
Running  Audiosrv           Windows Audio
Stopped  AxInstSV           ActiveX Installer (AxInstSV)
Running  AzureADConnectA... Microsoft Azure AD Connect Agent Up...
Running  AzureADConnectA... Microsoft Azure AD Connect Authenti...
Stopped  BDESVC             BitLocker Drive Encryption Service
Running  BFE                Base Filtering Engine
Running  BITS               Background Intelligent Transfer Ser...
Running  BrokerInfrastru... Background Tasks Infrastructure Ser...
Running  Browser            Computer Browser
Stopped  BthHFSrv           Bluetooth Handsfree Service
Stopped  bthserv            Bluetooth Support Service
Stopped  CertPropSvc        Certificate Propagation
Stopped  COMSysApp          COM+ System Application
Stopped  cphs               Intel(R) Content Protection HECI Se...
Running  CryptSvc           Cryptographic Services
Stopped  CscService         Offline Files
Running  DcomLaunch         DCOM Server Process Launcher
Stopped  defragsvc          Optimise drives
Running  DeviceAssociati... Device Association Service
Stopped  DeviceInstall      Device Install Service
Running  Dhcp               DHCP Client
Running  DiagTrack          Diagnostics Tracking Service
Running  Dnscache           DNS Client
Stopped  dot3svc            Wired AutoConfig
Running  DPS                Diagnostic Policy Service
Stopped  DsmSvc             Device Setup Manager
Stopped  Eaphost            Extensible Authentication Protocol
Stopped  EFS                Encrypting File System (EFS)
Running  EventLog           Windows Event Log
Running  EventSystem        COM+ Event System
Stopped  Fax                Fax
Stopped  fdPHost            Function Discovery Provider Host
Stopped  FDResPub           Function Discovery Resource Publica...
Stopped  fhsvc              File History Service
Running  FontCache          Windows Font Cache Service
Running  gpsvc              Group Policy Client
Stopped  gupdate            Google Update Service (gupdate)
Stopped  gupdatem           Google Update Service (gupdatem)
Stopped  gusvc              Google Software Updater
Running  hidserv            Human Interface Device Service
Stopped  hkmsvc             Health Key and Certificate Management
Stopped  HomeGroupListener  HomeGroup Listener
Stopped  HomeGroupProvider  HomeGroup Provider
Running  IAStorDataMgrSvc   Intel(R) Rapid Storage Technology
Stopped  IEEtwCollectorS... Internet Explorer ETW Collector Ser...
Running  igfxCUIService2... Intel(R) HD Graphics Control Panel ...
Running  IKEEXT             IKE and AuthIP IPsec Keying Modules
Running  Intel(R) PROSet... Intel(R) PROSet Monitoring Service
Running  iphlpsvc           IP Helper
Running  KeyIso             CNG Key Isolation
Stopped  KtmRm              KtmRm for Distributed Transaction C...
Running  LanmanServer       Server
Running  LanmanWorkstation  Workstation
Stopped  lfsvc              Windows Location Framework Service
Stopped  lltdsvc            Link-Layer Topology Discovery Mapper
Running  lmhosts            TCP/IP NetBIOS Helper
Running  LSM                Local Session Manager
Stopped  Microsoft Offic... Microsoft Office Groove Audit Service
Stopped  MMCSS              Multimedia Class Scheduler
Running  MpsSvc             Windows Firewall
Stopped  MSDTC              Distributed Transaction Coordinator
Stopped  MSiSCSI            Microsoft iSCSI Initiator Service
Stopped  msiserver          Windows Installer
Stopped  MsKeyboardFilter   Microsoft Keyboard Filter
Running  msoidsvc           Microsoft Online Services Sign-in A...
Running  MVMCP2VAgent       Microsoft Virtual Machine Converter...
Stopped  napagent           Network Access Protection Agent
Stopped  NcaSvc             Network Connectivity Assistant
Running  NcbService         Network Connection Broker
Stopped  NcdAutoSetup       Network Connected Devices Auto-Setup
Stopped  Netlogon           Netlogon
Running  Netman             Network Connections
Running  netprofm           Network List Service
Stopped  NetTcpPortSharing  NetTcpPortSharing
Running  NlaSvc             Network Location Awareness
Running  nsi                Network Store Interface Service
Stopped  odserv             Microsoft Office Diagnostics Service
Stopped  ose                Office Source Engine
Stopped  p2pimsvc           Peer Networking Identity Manager
Stopped  p2psvc             Peer Networking Grouping
Running  PassThru Service   Internet Pass-Through Service
Running  PcaSvc             Program Compatibility Assistant Ser...
Stopped  PeerDistSvc        BranchCache
Stopped  PerfHost           Performance Counter DLL Host
Stopped  pla                Performance Logs & Alerts
Running  PlugPlay           Plug and Play
Stopped  PNRPAutoReg        PNRP Machine Name Publication Service
Stopped  PNRPsvc            Peer Name Resolution Protocol
Running  PolicyAgent        IPsec Policy Agent
Running  Power              Power
Stopped  PrintNotify        Printer Extensions and Notifications
Running  ProfSvc            User Profile Service
Stopped  QWAVE              Quality Windows Audio Video Experience
Stopped  RasAuto            Remote Access Auto Connection Manager
Stopped  RasMan             Remote Access Connection Manager
Stopped  RemoteAccess       Routing and Remote Access
Stopped  RemoteRegistry     Remote Registry
Stopped  rpcapd             Remote Packet Capture Protocol v.0 ...
Running  RpcEptMapper       RPC Endpoint Mapper
Stopped  RpcLocator         Remote Procedure Call (RPC) Locator
Running  RpcSs              Remote Procedure Call (RPC)
Running  SamSs              Security Accounts Manager
Stopped  SCardSvr           Smart Card
Stopped  ScDeviceEnum       Smart Card Device Enumeration Service
Running  Schedule           Task Scheduler
Stopped  SCPolicySvc        Smart Card Removal Policy
Running  seclogon           Secondary Log-on
Running  SENS               System Event Notification Service
Stopped  SensrSvc           Sensor Monitoring Service
Stopped  SessionEnv         Remote Desktop Configuration
Stopped  SharedAccess       Internet Connection Sharing (ICS)
Running  ShellHWDetection   Shell Hardware Detection
Stopped  smphost            Microsoft Storage Spaces SMP
Stopped  SNMPTRAP           SNMP Trap
Running  Spooler            Print Spooler
Stopped  sppsvc             Software Protection
Running  SQLWriter          SQL Server VSS Writer
Running  SSDPSRV            SSDP Discovery
Stopped  SstpSvc            Secure Socket Tunneling Protocol Se...
Running  stisvc             Windows Image Acquisition (WIA)
Stopped  StorSvc            Storage Service
Stopped  svsvc              Spot Verifier
Stopped  swprv              Microsoft Software Shadow Copy Prov...
Running  SysMain            Superfetch
Running  SystemEventsBroker System Events Broker
Stopped  TabletInputService Touch Keyboard and Handwriting Pane...
Stopped  TapiSrv            Telephony
Running  TeamViewer         TeamViewer 13
Stopped  TermService        Remote Desktop Services
Running  Themes             Themes
Stopped  THREADORDER        Thread Ordering Server
Running  TimeBroker         Time Broker
Running  TrkWks             Distributed Link Tracking Client
Stopped  TrustedInstaller   Windows Modules Installer
Stopped  UI0Detect          Interactive Services Detection
Stopped  UmRdpService       Remote Desktop Services UserMode Po...
Running  upnphost           UPnP Device Host
Stopped  uSHAREitSvc        SHAREit Hotspot Service
Stopped  VaultSvc           Credential Manager
Stopped  vds                Virtual Disk
Running  VMAuthdService     VMware Authorization Service
Stopped  vmicguestinterface Hyper-V Guest Service Interface
Stopped  vmicheartbeat      Hyper-V Heartbeat Service
Stopped  vmickvpexchange    Hyper-V Data Exchange Service
Stopped  vmicrdv            Hyper-V Remote Desktop Virtualizati...
Stopped  vmicshutdown       Hyper-V Guest Shutdown Service
Stopped  vmictimesync       Hyper-V Time Synchronization Service
Stopped  vmicvss            Hyper-V Volume Shadow Copy Requestor
Stopped  VMnetDHCP          VMware DHCP Service
Running  VMUSBArbService    VMware USB Arbitration Service
Running  VMware NAT Service VMware NAT Service
Running  VMwareHostd        VMware Workstation Server
Stopped  VSS                Volume Shadow Copy
Stopped  W32Time            Windows Time
Stopped  wbengine           Block Level Backup Engine Service
Stopped  WbioSrvc           Windows Biometric Service
Running  Wcmsvc             Windows Connection Manager
Stopped  wcncsvc            Windows Connect Now - Config Registrar
Stopped  WcsPlugInService   Windows Colour System
Running  WdiServiceHost     Diagnostic Service Host
Stopped  WdiSystemHost      Diagnostic System Host
Stopped  WdNisSvc           Windows Defender Network Inspection...
Stopped  WebClient          WebClient
Stopped  Wecsvc             Windows Event Collector
Stopped  WEPHOSTSVC         Windows Encryption Provider Host Se...
Stopped  wercplsupport      Problem Reports and Solutions Contr...
Stopped  WerSvc             Windows Error Reporting Service
Stopped  WiaRpc             Still Image Acquisition Events
Stopped  WinDefend          Windows Defender Service
Stopped  WinHttpAutoProx... WinHTTP Web Proxy Auto-Discovery Se...
Running  Winmgmt            Windows Management Instrumentation
Stopped  WinRM              Windows Remote Management (WS-Manag...
Stopped  WlanSvc            WLAN AutoConfig
Stopped  wlidsvc            Microsoft Account Sign-in Assistant
Stopped  wmiApSrv           WMI Performance Adapter
Running  WMPNetworkSvc      Windows Media Player Network Sharin...
Stopped  workfolderssvc     Work Folders
Stopped  WPCSvc             Family Safety
Stopped  WPDBusEnum         Portable Device Enumerator Service
Running  wscsvc             Security Center
Running  WSearch            Windows Search
Stopped  WSService          Windows Store Service (WSService)
Stopped  wuauserv           Windows Update
Running  wudfsvc            Windows Driver Foundation - User-mo...
Stopped  WwanSvc            WWAN AutoConfig



PS C:\raju> Get-Help Get-Service -Examples

NAME
    Get-Service

SYNOPSIS
    Gets the services on a local or remote computer.

    -------------------------- EXAMPLE 1 --------------------------

    PS C:\>get-service


    This command retrieves all of the services on the system. It behaves as though you typed "get-service *". The default display shows the status, service
    name, and display name of each service.




    -------------------------- EXAMPLE 2 --------------------------

    PS C:\>get-service wmi*


    This command retrieves services with service names that begin with "WMI" (the acronym for Windows Management Instrumentation).




    -------------------------- EXAMPLE 3 --------------------------

    PS C:\>get-service -displayname *network*


    This command displays services with a display name that includes the word "network". Searching the display name finds network-related services even when
    the service name does not include "Net", such as xmlprov, the Network Provisioning Service.




    -------------------------- EXAMPLE 4 --------------------------

    PS C:\>get-service -name win* -exclude winrm


    These commands get only the services with service names that begin with "win", except for the WinRM service.




    -------------------------- EXAMPLE 5 --------------------------

    PS C:\>get-service | where-object {$_.Status -eq "Running"}


    This command displays only the services that are currently running. It uses the Get-Service cmdlet to get all of the services on the computer. The
    pipeline operator (|) passes the results to the Where-Object cmdlet, which selects only the services with a Status property that equals "Running".

    Status is only one property of service objects. To see all of the properties, type "get-service | get-member".




    -------------------------- EXAMPLE 6 --------------------------

    PS C:\>get-service -computername Server02


    This command gets the services on the Server02 remote computer.

    Because the ComputerName parameter of Get-Service does not use Windows PowerShell remoting, you can use this parameter even if the computer is not
    configured for remoting in Windows PowerShell.




    -------------------------- EXAMPLE 7 --------------------------

    PS C:\>get-service | where-object {$_.DependentServices} | format-list -property Name, DependentServices, @{Label="NoOfDependentServices";
    Expression={$_.dependentservices.count}}

    Name                  : AudioEndpointBuilder
    DependentServices     : {AudioSrv}
    NoOfDependentServices : 1
    Name                  : Dhcp
    DependentServices     : {WinHttpAutoProxySvc}
    NoOfDependentServices : 1
    ...


    These commands list the services on the computer that have dependent services.

    The first command uses the Get-Service cmdlet to get the services on the computer. A pipeline operator (|) sends the services to the Where-Object cmdlet,
    which selects the services whose DependentServices property is not null.

    Another pipeline operator sends the results to the Format-List cmdlet. The command uses its Property parameter to display the name of the service, the
    name of the dependent services, and a calculated property that displays the number of dependent services that each service has.




    -------------------------- EXAMPLE 8 --------------------------

    PS C:\>get-service s* | sort-object status

    Status   Name               DisplayName
    ------   ----               -----------
    Stopped  stisvc             Windows Image Acquisition (WIA)
    Stopped  SwPrv              MS Software Shadow Copy Provider
    Stopped  SysmonLog          Performance Logs and Alerts
    Running  Spooler            Print Spooler
    Running  srservice          System Restore Service
    Running  SSDPSRV            SSDP Discovery Service
    Running  ShellHWDetection   Shell Hardware Detection
    Running  Schedule           Task Scheduler
    Running  SCardSvr           Smart Card
    Running  SamSs              Security Accounts Manager
    Running  SharedAccess       Windows Firewall/Internet Connectio...
    Running  SENS               System Event Notification
    Running  seclogon           Secondary Logon

    PS C:\>get-service s* | sort-object status -descending

    Status   Name               DisplayName
    ------   ----               -----------
    Running  ShellHWDetection   Shell Hardware Detection
    Running  SharedAccess       Windows Firewall/Internet Connectio...
    Running  Spooler            Print Spooler
    Running  SSDPSRV            SSDP Discovery Service
    Running  srservice          System Restore Service
    Running  SCardSvr           Smart Card
    Running  SamSs              Security Accounts Manager
    Running  Schedule           Task Scheduler
    Running  SENS               System Event Notification
    Running  seclogon           Secondary Logon
    Stopped  SysmonLog          Performance Logs and Alerts
    Stopped  SwPrv              MS Software Shadow Copy Provider
    Stopped  stisvc             Windows Image Acquisition (WIA)


    This command shows that when you sort services in ascending order by the value of their Status property, stopped services appear before running services.
    This happens because the value of Status is an enumeration, in which "Stopped" has a value of "1", and "Running" has a value of 4.

    To list running services first, use the Descending parameter of the Sort-Object cmdlet.




    -------------------------- EXAMPLE 9 --------------------------

    PS C:\>get-service -name winrm -computername localhost, Server01, Server02 | format-table -property MachineName, Status, Name, DisplayName -auto

    MachineName    Status  Name  DisplayName
    ------------   ------  ----  -----------
    localhost      Running WinRM Windows Remote Management (WS-Management)
    Server01       Running WinRM Windows Remote Management (WS-Management)
    Server02       Running WinRM Windows Remote Management (WS-Management)


    This command uses the Get-Service cmdlet to run a "Get-Service Winrm" command on two remote computers and the local computer ("localhost").

    The Get-Service command runs on the remote computers, and the results are returned to the local computer. A pipeline operator (|) sends the results to the
    Format-Table cmdlet, which formats the services as a table. The Format-Table command uses the Property parameter to specify the properties displayed in
    the table, including the MachineName property.




    -------------------------- EXAMPLE 10 --------------------------

    PS C:\>get-service winrm -requiredServices


    This command gets the services that the WinRM service requires.

    The command returns the value of the ServicesDependedOn property of the service.




    -------------------------- EXAMPLE 11 --------------------------

    PS C:\>"winrm" | get-service


    This command gets the WinRM service on the local computer. This example shows that you can pipe a service name string (enclosed in quotation marks) to
    Get-Service.







